Component: ARM Compiler 5.06 update 3 (build 300) Tool: armlink [4d35c9]

==============================================================================

Section Cross References

    main.o(i.main) refers to _printf_percent.o(.ARM.Collect$$_printf_percent$$00000000) for _printf_percent
    main.o(i.main) refers to _printf_d.o(.ARM.Collect$$_printf_percent$$00000009) for _printf_d
    main.o(i.main) refers to _printf_dec.o(.text) for _printf_int_dec
    main.o(i.main) refers to stm32f1xx_hal.o(i.HAL_Init) for HAL_Init
    main.o(i.main) refers to sys.o(i.Stm32_Clock_Init) for Stm32_Clock_Init
    main.o(i.main) refers to delay.o(i.delay_init) for delay_init
    main.o(i.main) refers to usart.o(i.uart_init) for uart_init
    main.o(i.main) refers to led.o(i.LED_Init) for LED_Init
    main.o(i.main) refers to key.o(i.KEY_Init) for KEY_Init
    main.o(i.main) refers to usmart.o(i.usmart_init) for usmart_init
    main.o(i.main) refers to noretval__2printf.o(.text) for __2printf
    main.o(i.main) refers to delay.o(i.delay_ms) for delay_ms
    main.o(i.main) refers to inv_mpu.o(i.mpu_dmp_init) for mpu_dmp_init
    main.o(i.main) refers to key.o(i.KEY_Scan) for KEY_Scan
    main.o(i.main) refers to inv_mpu.o(i.mpu_dmp_get_data) for mpu_dmp_get_data
    main.o(i.main) refers to mpu6050.o(i.MPU_Get_Temperature) for MPU_Get_Temperature
    main.o(i.main) refers to mpu6050.o(i.MPU_Get_Accelerometer) for MPU_Get_Accelerometer
    main.o(i.main) refers to mpu6050.o(i.MPU_Get_Gyroscope) for MPU_Get_Gyroscope
    main.o(i.main) refers to fmul.o(x$fpl$fmul) for __aeabi_fmul
    main.o(i.main) refers to ffix.o(x$fpl$ffix) for __aeabi_f2iz
    stm32f1xx_it.o(i.SysTick_Handler) refers to stm32f1xx_hal.o(i.HAL_IncTick) for HAL_IncTick
    system_stm32f1xx.o(i.SystemCoreClockUpdate) refers to system_stm32f1xx.o(.data) for SystemCoreClock
    system_stm32f1xx.o(i.SystemCoreClockUpdate) refers to system_stm32f1xx.o(.constdata) for AHBPrescTable
    delay.o(i.delay_init) refers to stm32f1xx_hal_cortex.o(i.HAL_SYSTICK_CLKSourceConfig) for HAL_SYSTICK_CLKSourceConfig
    delay.o(i.delay_init) refers to delay.o(.data) for fac_us
    delay.o(i.delay_ms) refers to delay.o(i.delay_us) for delay_us
    delay.o(i.delay_us) refers to delay.o(.data) for fac_us
    sys.o(i.Stm32_Clock_Init) refers to stm32f1xx_hal_rcc.o(i.HAL_RCC_OscConfig) for HAL_RCC_OscConfig
    sys.o(i.Stm32_Clock_Init) refers to stm32f1xx_hal_rcc.o(i.HAL_RCC_ClockConfig) for HAL_RCC_ClockConfig
    usart.o(.rev16_text) refers (Special) to use_no_semi_2.o(.text) for __use_no_semihosting
    usart.o(.revsh_text) refers (Special) to use_no_semi_2.o(.text) for __use_no_semihosting
    usart.o(.rrx_text) refers (Special) to use_no_semi_2.o(.text) for __use_no_semihosting
    usart.o(i.HAL_UART_MspInit) refers (Special) to use_no_semi_2.o(.text) for __use_no_semihosting
    usart.o(i.HAL_UART_MspInit) refers to stm32f1xx_hal_gpio.o(i.HAL_GPIO_Init) for HAL_GPIO_Init
    usart.o(i.HAL_UART_MspInit) refers to stm32f1xx_hal_cortex.o(i.HAL_NVIC_EnableIRQ) for HAL_NVIC_EnableIRQ
    usart.o(i.HAL_UART_MspInit) refers to stm32f1xx_hal_cortex.o(i.HAL_NVIC_SetPriority) for HAL_NVIC_SetPriority
    usart.o(i.HAL_UART_RxCpltCallback) refers (Special) to use_no_semi_2.o(.text) for __use_no_semihosting
    usart.o(i.HAL_UART_RxCpltCallback) refers to usart.o(.data) for USART_RX_STA
    usart.o(i.HAL_UART_RxCpltCallback) refers to usart.o(.bss) for USART_RX_BUF
    usart.o(i.USART1_IRQHandler) refers (Special) to use_no_semi_2.o(.text) for __use_no_semihosting
    usart.o(i.USART1_IRQHandler) refers to stm32f1xx_hal_uart.o(i.HAL_UART_IRQHandler) for HAL_UART_IRQHandler
    usart.o(i.USART1_IRQHandler) refers to stm32f1xx_hal_uart.o(i.HAL_UART_GetState) for HAL_UART_GetState
    usart.o(i.USART1_IRQHandler) refers to stm32f1xx_hal_uart.o(i.HAL_UART_Receive_IT) for HAL_UART_Receive_IT
    usart.o(i.USART1_IRQHandler) refers to usart.o(.bss) for UART1_Handler
    usart.o(i.USART1_IRQHandler) refers to usart.o(.data) for aRxBuffer
    usart.o(i._sys_exit) refers (Special) to use_no_semi_2.o(.text) for __use_no_semihosting
    usart.o(i.fputc) refers (Special) to use_no_semi_2.o(.text) for __use_no_semihosting
    usart.o(i.uart_init) refers (Special) to use_no_semi_2.o(.text) for __use_no_semihosting
    usart.o(i.uart_init) refers to stm32f1xx_hal_uart.o(i.HAL_UART_Init) for HAL_UART_Init
    usart.o(i.uart_init) refers to stm32f1xx_hal_uart.o(i.HAL_UART_Receive_IT) for HAL_UART_Receive_IT
    usart.o(i.uart_init) refers to usart.o(.bss) for UART1_Handler
    usart.o(i.uart_init) refers to usart.o(.data) for aRxBuffer
    usart.o(.bss) refers (Special) to use_no_semi_2.o(.text) for __use_no_semihosting
    usart.o(.data) refers (Special) to use_no_semi_2.o(.text) for __use_no_semihosting
    startup_stm32f103xb.o(STACK) refers (Special) to heapauxi.o(.text) for __use_two_region_memory
    startup_stm32f103xb.o(HEAP) refers (Special) to heapauxi.o(.text) for __use_two_region_memory
[...]
    i.mpu_set_int_latched                    0x0800537c   Section        0  inv_mpu.o(i.mpu_set_int_latched)
    i.mpu_set_lpf                            0x080053e8   Section        0  inv_mpu.o(i.mpu_set_lpf)
    i.mpu_set_sample_rate                    0x0800546c   Section        0  inv_mpu.o(i.mpu_set_sample_rate)
    i.mpu_set_sensors                        0x08005508   Section        0  inv_mpu.o(i.mpu_set_sensors)
    i.mpu_write_mem                          0x080055d8   Section        0  inv_mpu.o(i.mpu_write_mem)
    i.read_addr                              0x08005658   Section        0  usmart.o(i.read_addr)
    i.run_self_test                          0x0800565e   Section        0  inv_mpu.o(i.run_self_test)
    i.set_int_enable                         0x080056f4   Section        0  inv_mpu.o(i.set_int_enable)
    set_int_enable                           0x080056f5   Thumb Code   138  inv_mpu.o(i.set_int_enable)
    i.sqrt                                   0x08005784   Section        0  sqrt.o(i.sqrt)
    i.uart_init                              0x080057d0   Section        0  usart.o(i.uart_init)
    i.usmart_cmd_rec                         0x08005808   Section        0  usmart.o(i.usmart_cmd_rec)
    i.usmart_exe                             0x080058b8   Section        0  usmart.o(i.usmart_exe)
    i.usmart_get_aparm                       0x08005b8c   Section        0  usmart_str.o(i.usmart_get_aparm)
    i.usmart_get_cmdname                     0x08005c60   Section        0  usmart_str.o(i.usmart_get_cmdname)
    i.usmart_get_fname                       0x08005c98   Section        0  usmart_str.o(i.usmart_get_fname)
    i.usmart_get_fparam                      0x08005e58   Section        0  usmart_str.o(i.usmart_get_fparam)
    i.usmart_get_parmpos                     0x08005f64   Section        0  usmart_str.o(i.usmart_get_parmpos)
    i.usmart_get_runtime                     0x08005f84   Section        0  usmart.o(i.usmart_get_runtime)
    i.usmart_init                            0x08005fc8   Section        0  usmart.o(i.usmart_init)
    i.usmart_pow                             0x08005ff0   Section        0  usmart_str.o(i.usmart_pow)
    i.usmart_reset_runtime                   0x08006008   Section        0  usmart.o(i.usmart_reset_runtime)
    i.usmart_scan                            0x0800603c   Section        0  usmart.o(i.usmart_scan)
    i.usmart_search_nextc                    0x080060f8   Section        0  usmart_str.o(i.usmart_search_nextc)
    i.usmart_str2num                         0x0800610e   Section        0  usmart_str.o(i.usmart_str2num)
    i.usmart_strcmp                          0x08006214   Section        0  usmart_str.o(i.usmart_strcmp)
    i.usmart_strcopy                         0x08006236   Section        0  usmart_str.o(i.usmart_strcopy)
    i.usmart_strlen                          0x0800624c   Section        0  usmart_str.o(i.usmart_strlen)
    i.usmart_sys_cmd_exe                     0x08006264   Section        0  usmart.o(i.usmart_sys_cmd_exe)
    i.write_addr                             0x08006958   Section        0  usmart.o(i.write_addr)
    x$fpl$d2f                                0x0800695c   Section       98  d2f.o(x$fpl$d2f)
    x$fpl$dadd                               0x080069c0   Section      336  daddsub_clz.o(x$fpl$dadd)
    _dadd1                                   0x080069d1   Thumb Code     0  daddsub_clz.o(x$fpl$dadd)
    x$fpl$dcheck1                            0x08006b10   Section       16  dcheck1.o(x$fpl$dcheck1)
    x$fpl$ddiv                               0x08006b20   Section      688  ddiv.o(x$fpl$ddiv)
    ddiv_entry                               0x08006b27   Thumb Code     0  ddiv.o(x$fpl$ddiv)
    x$fpl$dflt                               0x08006dd0   Section       46  dflt_clz.o(x$fpl$dflt)
    x$fpl$dmul                               0x08006e00   Section      340  dmul.o(x$fpl$dmul)
    x$fpl$dnaninf                            0x08006f54   Section      156  dnaninf.o(x$fpl$dnaninf)
    x$fpl$dretinf                            0x08006ff0   Section       12  dretinf.o(x$fpl$dretinf)
    x$fpl$drsb                               0x08006ffc   Section       22  daddsub_clz.o(x$fpl$drsb)
    x$fpl$dsqrt                              0x08007014   Section      460  dsqrt_noumaal.o(x$fpl$dsqrt)
    x$fpl$dsub                               0x080071e0   Section      468  daddsub_clz.o(x$fpl$dsub)
    _dsub1                                   0x080071f1   Thumb Code     0  daddsub_clz.o(x$fpl$dsub)
    x$fpl$f2d                                0x080073b4   Section       86  f2d.o(x$fpl$f2d)
    x$fpl$fadd                               0x0800740c   Section      196  faddsub_clz.o(x$fpl$fadd)
    _fadd1                                   0x0800741b   Thumb Code     0  faddsub_clz.o(x$fpl$fadd)
    x$fpl$fcmpinf                            0x080074d0   Section       24  fcmpi.o(x$fpl$fcmpinf)
    x$fpl$fdiv                               0x080074e8   Section      388  fdiv.o(x$fpl$fdiv)
    _fdiv1                                   0x080074e9   Thumb Code     0  fdiv.o(x$fpl$fdiv)
    x$fpl$feqf                               0x0800766c   Section      104  feqf.o(x$fpl$feqf)
    x$fpl$ffix                               0x080076d4   Section       54  ffix.o(x$fpl$ffix)
    x$fpl$ffixu                              0x0800770c   Section       62  ffixu.o(x$fpl$ffixu)
    x$fpl$fflt                               0x0800774c   Section       48  fflt_clz.o(x$fpl$fflt)
    x$fpl$ffltu                              0x0800777c   Section       38  fflt_clz.o(x$fpl$ffltu)
    x$fpl$fleqf                              0x080077a4   Section      104  fleqf.o(x$fpl$fleqf)
    x$fpl$fmul                               0x0800780c   Section      258  fmul.o(x$fpl$fmul)
    x$fpl$fnaninf                            0x0800790e   Section      140  fnaninf.o(x$fpl$fnaninf)
    x$fpl$fretinf                            0x0800799a   Section       10  fretinf.o(x$fpl$fretinf)
    x$fpl$frleqf                             0x080079a4   Section       98  frleqf.o(x$fpl$frleqf)
    x$fpl$fsub                               0x08007a08   Section      234  faddsub_clz.o(x$fpl$fsub)
    _fsub1                                   0x08007a17   Thumb Code     0  faddsub_clz.o(x$fpl$fsub)
    x$fpl$retnan                             0x08007af2   Section      100  retnan.o(x$fpl$retnan)
    x$fpl$scalbn                             0x08007b56   Section       92  scalbn.o(x$fpl$scalbn)
    x$fpl$trapveneer                         0x08007bb2   Section       48  trapv.o(x$fpl$trapveneer)
    .constdata                               0x08007be2   Section       24  system_stm32f1xx.o(.constdata)
    x$fpl$usenofp                            0x08007be2   Section        0  usenofp.o(x$fpl$usenofp)
    .constdata                               0x08007bfc   Section       80  inv_mpu.o(.constdata)
    .constdata                               0x08007c4c   Section     3062  inv_mpu_dmp_motion_driver.o(.constdata)
    dmp_memory                               0x08007c4c   Data        3062  inv_mpu_dmp_motion_driver.o(.constdata)
    .constdata                               0x08008842   Section       40  _printf_hex_int.o(.constdata)
    uc_hextab                                0x08008842   Data          20  _printf_hex_int.o(.constdata)
    lc_hextab                                0x08008856   Data          20  _printf_hex_int.o(.constdata)
    .constdata                               0x0800886a   Section       17  __printf_flags_ss_wp.o(.constdata)
    maptable                                 0x0800886a   Data          17  __printf_flags_ss_wp.o(.constdata)
    .constdata                               0x08008880   Section       80  asin.o(.constdata)
    pS                                       0x08008880   Data          48  asin.o(.constdata)
    qS                                       0x080088b0   Data          32  asin.o(.constdata)
    .constdata                               0x080088d0   Section      152  atan.o(.constdata)
    atanhi                                   0x080088d0   Data          32  atan.o(.constdata)
    atanlo                                   0x080088f0   Data          32  atan.o(.constdata)
    aTodd                                    0x08008910   Data          40  atan.o(.constdata)
    aTeven                                   0x08008938   Data          48  atan.o(.constdata)
    .constdata                               0x08008968   Section        8  qnan.o(.constdata)
    .conststring                             0x08008970   Section       77  inv_mpu.o(.conststring)
    .conststring                             0x080089c0   Section       40  usmart.o(.conststring)
    .conststring                             0x080089e8   Section      156  usmart_config.o(.conststring)
    .data                                    0x20000000   Section        4  system_stm32f1xx.o(.data)
    .data                                    0x20000004   Section        4  delay.o(.data)
    fac_us                                   0x20000004   Data           4  delay.o(.data)
    .data                                    0x20000008   Section        7  usart.o(.data)
    .data                                    0x20000010   Section        4  stm32f1xx_hal.o(.data)
    .data                                    0x20000014   Section        1  key.o(.data)
    key_up                                   0x20000014   Data           1  key.o(.data)
    .data                                    0x20000018   Section       53  inv_mpu.o(.data)
    st                                       0x20000018   Data          44  inv_mpu.o(.data)
    gyro_orientation                         0x20000044   Data           9  inv_mpu.o(.data)
    .data                                    0x20000050   Section       28  usmart.o(.data)
    .data                                    0x2000006c   Section      284  usmart_config.o(.data)
    .bss                                     0x20000188   Section      264  usart.o(.bss)
    .bss                                     0x20000290   Section       16  inv_mpu_dmp_motion_driver.o(.bss)
    dmp                                      0x20000290   Data          16  inv_mpu_dmp_motion_driver.o(.bss)
    .bss                                     0x200002a0   Section       64  usmart.o(.bss)
    .bss                                     0x200002e0   Section       96  libspace.o(.bss)
    HEAP                                     0x20000340   Section      512  startup_stm32f103xb.o(HEAP)
    Heap_Mem                                 0x20000340   Data         512  startup_stm32f103xb.o(HEAP)
    STACK                                    0x20000540   Section     1024  startup_stm32f103xb.o(STACK)
    Stack_Mem                                0x20000540   Data        1024  startup_stm32f103xb.o(STACK)
    __initial_sp                             0x20000940   Data           0  startup_stm32f103xb.o(STACK)

    Global Symbols

    Symbol Name                              Value     Ov Type        Size  Object(Section)

    BuildAttributes$$THM_ISAv4$P$D$K$B$S$PE$A:L22UL41UL21$X:L11$S22US41US21$IEEE1$IW$USESV6$~STKCKD$USESV7$~SHL$OTIME$ROPI$IEEEX$EBA8$UX$STANDARDLIB$REQ8$PRES8$EABIv2 0x00000000   Number         0  anon$$obj.o ABSOLUTE
    __ARM_use_no_argv                        0x00000000   Number         0  main.o ABSOLUTE
    _printf_flags                            0x00000000   Number         0  printf_stubs.o ABSOLUTE
    _printf_return_value                     0x00000000   Number         0  printf_stubs.o ABSOLUTE
    _printf_sizespec                         0x00000000   Number         0  printf_stubs.o ABSOLUTE
    _printf_widthprec                        0x00000000   Number         0  printf_stubs.o ABSOLUTE
    __ARM_exceptions_init                     - Undefined Weak Reference
    __alloca_initialize                       - Undefined Weak Reference
    __arm_preinit_                            - Undefined Weak Reference
    __cpp_initialize__aeabi_                  - Undefined Weak Reference
    __cxa_finalize                            - Undefined Weak Reference
    __rt_locale                               - Undefined Weak Reference
    __sigvec_lookup                           - Undefined Weak Reference
    _atexit_init                              - Undefined Weak Reference
    _call_atexit_fns                          - Undefined Weak Reference
    _clock_init                               - Undefined Weak Reference
    _fp_trap_init                             - Undefined Weak Reference
    _fp_trap_shutdown                         - Undefined Weak Reference
    _get_lc_collate                           - Undefined Weak Reference
    _get_lc_ctype                             - Undefined Weak Reference
    _get_lc_monetary                          - Undefined Weak Reference
    _get_lc_numeric                           - Undefined Weak Reference
    _get_lc_time                              - Undefined Weak Reference
    _getenv_init                              - Undefined Weak Reference
    _handle_redirection                       - Undefined Weak Reference
    _init_alloc                               - Undefined Weak Reference
    _init_user_alloc                          - Undefined Weak Reference
    _initio                                   - Undefined Weak Reference
    _mutex_acquire                            - Undefined Weak Reference
    _mutex_release                            - Undefined Weak Reference
    _printf_mbtowc                            - Undefined Weak Reference
    _printf_truncate_signed                   - Undefined Weak Reference
    _printf_truncate_unsigned                 - Undefined Weak Reference
    _rand_init                                - Undefined Weak Reference
    _signal_finish                            - Undefined Weak Reference
    _signal_init                              - Undefined Weak Reference
    _terminate_alloc                          - Undefined Weak Reference
    _terminate_user_alloc                     - Undefined Weak Reference
    _terminateio                              - Undefined Weak Reference
    __Vectors_Size                           0x000000ec   Number         0  startup_stm32f103xb.o ABSOLUTE
    __Vectors                                0x08000000   Data           4  startup_stm32f103xb.o(RESET)
    __Vectors_End                            0x080000ec   Data           0  startup_stm32f103xb.o(RESET)
    __main                                   0x080000ed   Thumb Code     8  __main.o(!!!main)
    __scatterload                            0x080000f5   Thumb Code     0  __scatter.o(!!!scatter)
    __scatterload_rt2                        0x080000f5   Thumb Code    44  __scatter.o(!!!scatter)
    __scatterload_rt2_thumb_only             0x080000f5   Thumb Code     0  __scatter.o(!!!scatter)
    __scatterload_null                       0x08000103   Thumb Code     0  __scatter.o(!!!scatter)
    __decompress                             0x08000129   Thumb Code    90  __dczerorl2.o(!!dczerorl2)
    __decompress1                            0x08000129   Thumb Code     0  __dczerorl2.o(!!dczerorl2)
    __scatterload_zeroinit                   0x08000185   Thumb Code    28  __scatter_zi.o(!!handler_zi)
    _printf_d                                0x080001a1   Thumb Code     0  _printf_d.o(.ARM.Collect$$_printf_percent$$00000009)
    _printf_percent                          0x080001a1   Thumb Code     0  _printf_percent.o(.ARM.Collect$$_printf_percent$$00000000)
    _printf_u                                0x080001a7   Thumb Code     0  _printf_u.o(.ARM.Collect$$_printf_percent$$0000000A)
    _printf_x                                0x080001ad   Thumb Code     0  _printf_x.o(.ARM.Collect$$_printf_percent$$0000000C)
    _printf_c                                0x080001b3   Thumb Code     0  _printf_c.o(.ARM.Collect$$_printf_percent$$00000013)
    _printf_s                                0x080001b9   Thumb Code     0  _printf_s.o(.ARM.Collect$$_printf_percent$$00000014)
    _printf_percent_end                      0x080001bf   Thumb Code     0  _printf_percent_end.o(.ARM.Collect$$_printf_percent$$00000017)
    __rt_lib_init                            0x080001c3   Thumb Code     0  libinit.o(.ARM.Collect$$libinit$$00000000)
    __rt_lib_init_alloca_1                   0x080001c5   Thumb Code     0  libinit2.o(.ARM.Collect$$libinit$$0000002E)
    __rt_lib_init_argv_1                     0x080001c5   Thumb Code     0  libinit2.o(.ARM.Collect$$libinit$$0000002C)
    __rt_lib_init_atexit_1                   0x080001c5   Thumb Code     0  libinit2.o(.ARM.Collect$$libinit$$0000001B)
    __rt_lib_init_clock_1                    0x080001c5   Thumb Code     0  libinit2.o(.ARM.Collect$$libinit$$00000021)
    __rt_lib_init_cpp_1                      0x080001c5   Thumb Code     0  libinit2.o(.ARM.Collect$$libinit$$00000032)
    __rt_lib_init_exceptions_1               0x080001c5   Thumb Code     0  libinit2.o(.ARM.Collect$$libinit$$00000030)
    __rt_lib_init_fp_1                       0x080001c5   Thumb Code     0  libinit2.o(.ARM.Collect$$libinit$$00000002)
    __rt_lib_init_fp_trap_1                  0x080001c5   Thumb Code     0  libinit2.o(.ARM.Collect$$libinit$$0000001F)
    __rt_lib_init_getenv_1                   0x080001c5   Thumb Code     0  libinit2.o(.ARM.Collect$$libinit$$00000023)
    __rt_lib_init_heap_1                     0x080001c5   Thumb Code     0  libinit2.o(.ARM.Collect$$libinit$$0000000A)
    __rt_lib_init_lc_collate_1               0x080001c5   Thumb Code     0  libinit2.o(.ARM.Collect$$libinit$$00000011)
    __rt_lib_init_lc_ctype_1                 0x080001c5   Thumb Code     0  libinit2.o(.ARM.Collect$$libinit$$00000013)
    __rt_lib_init_lc_monetary_1              0x080001c5   Thumb Code     0  libinit2.o(.ARM.Collect$$libinit$$00000015)
    __rt_lib_init_lc_numeric_1               0x080001c5   Thumb Code     0  libinit2.o(.ARM.Collect$$libinit$$00000017)
    __rt_lib_init_lc_time_1                  0x080001c5   Thumb Code     0  libinit2.o(.ARM.Collect$$libinit$$00000019)
    __rt_lib_init_preinit_1                  0x080001c5   Thumb Code     0  libinit2.o(.ARM.Collect$$libinit$$00000004)
    __rt_lib_init_rand_1                     0x080001c5   Thumb Code     0  libinit2.o(.ARM.Collect$$libinit$$0000000E)
    __rt_lib_init_return                     0x080001c5   Thumb Code     0  libinit2.o(.ARM.Collect$$libinit$$00000033)
    __rt_lib_init_signal_1                   0x080001c5   Thumb Code     0  libinit2.o(.ARM.Collect$$libinit$$0000001D)
    __rt_lib_init_stdio_1                    0x080001c5   Thumb Code     0  libinit2.o(.ARM.Collect$$libinit$$00000025)
    __rt_lib_init_user_alloc_1               0x080001c5   Thumb Code     0  libinit2.o(.ARM.Collect$$libinit$$0000000C)
    __rt_lib_shutdown                        0x080001c7   Thumb Code     0  libshutdown.o(.ARM.Collect$$libshutdown$$00000000)
    __rt_lib_shutdown_cpp_1                  0x080001c9   Thumb Code     0  libshutdown2.o(.ARM.Collect$$libshutdown$$00000002)
    __rt_lib_shutdown_fp_trap_1              0x080001c9   Thumb Code     0  libshutdown2.o(.ARM.Collect$$libshutdown$$00000007)
    __rt_lib_shutdown_heap_1                 0x080001c9   Thumb Code     0  libshutdown2.o(.ARM.Collect$$libshutdown$$0000000F)
    __rt_lib_shutdown_return                 0x080001c9   Thumb Code     0  libshutdown2.o(.ARM.Collect$$libshutdown$$00000010)
    __rt_lib_shutdown_signal_1               0x080001c9   Thumb Code     0  libshutdown2.o(.ARM.Collect$$libshutdown$$0000000A)
    __rt_lib_shutdown_stdio_1                0x080001c9   Thumb Code     0  libshutdown2.o(.ARM.Collect$$libshutdown$$00000004)
    __rt_lib_shutdown_user_alloc_1           0x080001c9   Thumb Code     0  libshutdown2.o(.ARM.Collect$$libshutdown$$0000000C)
    __rt_entry                               0x080001cb   Thumb Code     0  __rtentry.o(.ARM.Collect$$rtentry$$00000000)
    __rt_entry_presh_1                       0x080001cb   Thumb Code     0  __rtentry2.o(.ARM.Collect$$rtentry$$00000002)
    __rt_entry_sh                            0x080001cb   Thumb Code     0  __rtentry4.o(.ARM.Collect$$rtentry$$00000004)
    __rt_entry_li                            0x080001d1   Thumb Code     0  __rtentry2.o(.ARM.Collect$$rtentry$$0000000A)
    __rt_entry_postsh_1                      0x080001d1   Thumb Code     0  __rtentry2.o(.ARM.Collect$$rtentry$$00000009)
    __rt_entry_main                          0x080001d5   Thumb Code     0  __rtentry2.o(.ARM.Collect$$rtentry$$0000000D)
    __rt_entry_postli_1                      0x080001d5   Thumb Code     0  __rtentry2.o(.ARM.Collect$$rtentry$$0000000C)
    __rt_exit                                0x080001dd   Thumb Code     0  rtexit.o(.ARM.Collect$$rtexit$$00000000)
    __rt_exit_ls                             0x080001df   Thumb Code     0  rtexit2.o(.ARM.Collect$$rtexit$$00000003)
    __rt_exit_prels_1                        0x080001df   Thumb Code     0  rtexit2.o(.ARM.Collect$$rtexit$$00000002)
    __rt_exit_exit                           0x080001e3   Thumb Code     0  rtexit2.o(.ARM.Collect$$rtexit$$00000004)
    Reset_Handler                            0x080001e9   Thumb Code     8  startup_stm32f103xb.o(.text)
    ADC1_2_IRQHandler                        0x08000203   Thumb Code     0  startup_stm32f103xb.o(.text)
    CAN1_RX1_IRQHandler                      0x08000203   Thumb Code     0  startup_stm32f103xb.o(.text)
    CAN1_SCE_IRQHandler                      0x08000203   Thumb Code     0  startup_stm32f103xb.o(.text)
    DMA1_Channel1_IRQHandler                 0x08000203   Thumb Code     0  startup_stm32f103xb.o(.text)
    DMA1_Channel2_IRQHandler                 0x08000203   Thumb Code     0  startup_stm32f103xb.o(.text)
    DMA1_Channel3_IRQHandler                 0x08000203   Thumb Code     0  startup_stm32f103xb.o(.text)
    DMA1_Channel4_IRQHandler                 0x08000203   Thumb Code     0  startup_stm32f103xb.o(.text)
    DMA1_Channel5_IRQHandler                 0x08000203   Thumb Code     0  startup_stm32f103xb.o(.text)
    DMA1_Channel6_IRQHandler                 0x08000203   Thumb Code     0  startup_stm32f103xb.o(.text)
    DMA1_Channel7_IRQHandler                 0x08000203   Thumb Code     0  startup_stm32f103xb.o(.text)
    EXTI0_IRQHandler                         0x08000203   Thumb Code     0  startup_stm32f103xb.o(.text)
    EXTI15_10_IRQHandler                     0x08000203   Thumb Code     0  startup_stm32f103xb.o(.text)
    EXTI1_IRQHandler                         0x08000203   Thumb Code     0  startup_stm32f103xb.o(.text)
    EXTI2_IRQHandler                         0x08000203   Thumb Code     0  startup_stm32f103xb.o(.text)
    EXTI3_IRQHandler                         0x08000203   Thumb Code     0  startup_stm32f103xb.o(.text)
    EXTI4_IRQHandler                         0x08000203   Thumb Code     0  startup_stm32f103xb.o(.text)
    EXTI9_5_IRQHandler                       0x08000203   Thumb Code     0  startup_stm32f103xb.o(.text)
    FLASH_IRQHandler                         0x08000203   Thumb Code     0  startup_stm32f103xb.o(.text)
    I2C1_ER_IRQHandler                       0x08000203   Thumb Code     0  startup_stm32f103xb.o(.text)
    I2C1_EV_IRQHandler                       0x08000203   Thumb Code     0  startup_stm32f103xb.o(.text)
    I2C2_ER_IRQHandler                       0x08000203   Thumb Code     0  startup_stm32f103xb.o(.text)
    I2C2_EV_IRQHandler                       0x08000203   Thumb Code     0  startup_stm32f103xb.o(.text)
    PVD_IRQHandler                           0x08000203   Thumb Code     0  startup_stm32f103xb.o(.text)
    RCC_IRQHandler                           0x08000203   Thumb Code     0  startup_stm32f103xb.o(.text)
    RTC_Alarm_IRQHandler                     0x08000203   Thumb Code     0  startup_stm32f103xb.o(.text)
    RTC_IRQHandler                           0x08000203   Thumb Code     0  startup_stm32f103xb.o(.text)
    SPI1_IRQHandler                          0x08000203   Thumb Code     0  startup_stm32f103xb.o(.text)
    SPI2_IRQHandler                          0x08000203   Thumb Code     0  startup_stm32f103xb.o(.text)
    TAMPER_IRQHandler                        0x08000203   Thumb Code     0  startup_stm32f103xb.o(.text)
    TIM1_BRK_IRQHandler                      0x08000203   Thumb Code     0  startup_stm32f103xb.o(.text)
    TIM1_CC_IRQHandler                       0x08000203   Thumb Code     0  startup_stm32f103xb.o(.text)
    TIM1_TRG_COM_IRQHandler                  0x08000203   Thumb Code     0  startup_stm32f103xb.o(.text)
    TIM1_UP_IRQHandler                       0x08000203   Thumb Code     0  startup_stm32f103xb.o(.text)
    TIM2_IRQHandler                          0x08000203   Thumb Code     0  startup_stm32f103xb.o(.text)
    TIM3_IRQHandler                          0x08000203   Thumb Code     0  startup_stm32f103xb.o(.text)
    USART2_IRQHandler                        0x08000203   Thumb Code     0  startup_stm32f103xb.o(.text)
    USART3_IRQHandler                        0x08000203   Thumb Code     0  startup_stm32f103xb.o(.text)
    USBWakeUp_IRQHandler                     0x08000203   Thumb Code     0  startup_stm32f103xb.o(.text)
    USB_HP_CAN1_TX_IRQHandler                0x08000203   Thumb Code     0  startup_stm32f103xb.o(.text)
    USB_LP_CAN1_RX0_IRQHandler               0x08000203   Thumb Code     0  startup_stm32f103xb.o(.text)
    WWDG_IRQHandler                          0x08000203   Thumb Code     0  startup_stm32f103xb.o(.text)
    __user_initial_stackheap                 0x08000205   Thumb Code     0  startup_stm32f103xb.o(.text)
    __use_no_semihosting                     0x08000229   Thumb Code     2  use_no_semi_2.o(.text)
    __aeabi_ldivmod                          0x0800022b   Thumb Code     0  llsdiv.o(.text)
    _ll_sdiv                                 0x0800022b   Thumb Code    72  llsdiv.o(.text)
    __2printf                                0x08000275   Thumb Code    20  noretval__2printf.o(.text)
    _printf_pre_padding                      0x0800028d   Thumb Code    44  _printf_pad.o(.text)
    _printf_post_padding                     0x080002b9   Thumb Code    34  _printf_pad.o(.text)
    _printf_str                              0x080002db   Thumb Code    82  _printf_str.o(.text)
    _printf_int_dec                          0x0800032d   Thumb Code   104  _printf_dec.o(.text)
    _printf_int_hex                          0x080003a5   Thumb Code    84  _printf_hex_int.o(.text)
    _printf_longlong_hex                     0x080003a5   Thumb Code     0  _printf_hex_int.o(.text)
    __printf                                 0x080003fd   Thumb Code   388  __printf_flags_ss_wp.o(.text)
    memcmp                                   0x08000585   Thumb Code    88  memcmp.o(.text)
    __aeabi_memset                           0x080005dd   Thumb Code    16  aeabi_memset.o(.text)
    __use_two_region_memory                  0x080005ed   Thumb Code     2  heapauxi.o(.text)
    __rt_heap_escrow$2region                 0x080005ef   Thumb Code     2  heapauxi.o(.text)
    __rt_heap_expand$2region                 0x080005f1   Thumb Code     2  heapauxi.o(.text)
    __I$use$semihosting                      0x080005f3   Thumb Code     0  use_no_semi.o(.text)
    __use_no_semihosting_swi                 0x080005f3   Thumb Code     2  use_no_semi.o(.text)
    __aeabi_uldivmod                         0x080005f5   Thumb Code     0  lludivv7m.o(.text)
    _ll_udiv                                 0x080005f5   Thumb Code   238  lludivv7m.o(.text)
    __read_errno                             0x080006e3   Thumb Code    10  _rserrno.o(.text)
    __set_errno                              0x080006ed   Thumb Code    12  _rserrno.o(.text)
    _printf_int_common                       0x080006f9   Thumb Code   178  _printf_intcommon.o(.text)
    _printf_cs_common                        0x080007ab   Thumb Code    20  _printf_char.o(.text)
    _printf_char                             0x080007bf   Thumb Code    16  _printf_char.o(.text)
    _printf_string                           0x080007cf   Thumb Code     8  _printf_char.o(.text)
    _printf_char_file                        0x080007d9   Thumb Code    32  _printf_char_file.o(.text)
    __aeabi_memclr                           0x080007fd   Thumb Code     0  rt_memclr.o(.text)
    __rt_memclr                              0x080007fd   Thumb Code    68  rt_memclr.o(.text)
    _memset                                  0x08000801   Thumb Code     0  rt_memclr.o(.text)
    __aeabi_errno_addr                       0x08000841   Thumb Code     8  rt_errno_addr_intlibspace.o(.text)
    __errno$intlibspace                      0x08000841   Thumb Code     0  rt_errno_addr_intlibspace.o(.text)
    __rt_errno_addr$intlibspace              0x08000841   Thumb Code     0  rt_errno_addr_intlibspace.o(.text)
    _printf_char_common                      0x08000853   Thumb Code    32  _printf_char_common.o(.text)
    ferror                                   0x08000879   Thumb Code     8  ferror.o(.text)
    __aeabi_memclr4                          0x08000881   Thumb Code     0  rt_memclr_w.o(.text)
    __aeabi_memclr8                          0x08000881   Thumb Code     0  rt_memclr_w.o(.text)
    __rt_memclr_w                            0x08000881   Thumb Code    78  rt_memclr_w.o(.text)
    _memset_w                                0x08000885   Thumb Code     0  rt_memclr_w.o(.text)
    __user_libspace                          0x080008d1   Thumb Code     8  libspace.o(.text)
    __user_perproc_libspace                  0x080008d1   Thumb Code     0  libspace.o(.text)
    __user_perthread_libspace                0x080008d1   Thumb Code     0  libspace.o(.text)
    __user_setup_stackheap                   0x080008d9   Thumb Code    74  sys_stackheap_outer.o(.text)
    exit                                     0x08000923   Thumb Code    18  exit.o(.text)
    BusFault_Handler                         0x08000935   Thumb Code     4  stm32f1xx_it.o(i.BusFault_Handler)
    DebugMon_Handler                         0x08000939   Thumb Code     2  stm32f1xx_it.o(i.DebugMon_Handler)
    HAL_DMA_Abort_IT                         0x0800093d   Thumb Code   172  stm32f1xx_hal_dma.o(i.HAL_DMA_Abort_IT)
    HAL_GPIO_Init                            0x080009ed   Thumb Code   764  stm32f1xx_hal_gpio.o(i.HAL_GPIO_Init)
    HAL_GPIO_ReadPin                         0x08000d09   Thumb Code    16  stm32f1xx_hal_gpio.o(i.HAL_GPIO_ReadPin)
    HAL_GPIO_WritePin                        0x08000d19   Thumb Code    12  stm32f1xx_hal_gpio.o(i.HAL_GPIO_WritePin)
    HAL_GetTick                              0x08000d25   Thumb Code     6  stm32f1xx_hal.o(i.HAL_GetTick)
    HAL_IncTick                              0x08000d31   Thumb Code    12  stm32f1xx_hal.o(i.HAL_IncTick)
    HAL_Init                                 0x08000d41   Thumb Code    34  stm32f1xx_hal.o(i.HAL_Init)
    HAL_InitTick                             0x08000d69   Thumb Code    36  stm32f1xx_hal.o(i.HAL_InitTick)
    HAL_MspInit                              0x08000d91   Thumb Code     2  stm32f1xx_hal_msp.o(i.HAL_MspInit)
    HAL_NVIC_EnableIRQ                       0x08000d93   Thumb Code    26  stm32f1xx_hal_cortex.o(i.HAL_NVIC_EnableIRQ)
    HAL_NVIC_SetPriority                     0x08000dad   Thumb Code   124  stm32f1xx_hal_cortex.o(i.HAL_NVIC_SetPriority)
    HAL_NVIC_SetPriorityGrouping             0x08000e29   Thumb Code    32  stm32f1xx_hal_cortex.o(i.HAL_NVIC_SetPriorityGrouping)
    HAL_RCC_ClockConfig                      0x08000e51   Thumb Code   402  stm32f1xx_hal_rcc.o(i.HAL_RCC_ClockConfig)
    HAL_RCC_GetHCLKFreq                      0x08000ff5   Thumb Code     6  stm32f1xx_hal_rcc.o(i.HAL_RCC_GetHCLKFreq)
    HAL_RCC_GetPCLK1Freq                     0x08001001   Thumb Code    22  stm32f1xx_hal_rcc.o(i.HAL_RCC_GetPCLK1Freq)
    HAL_RCC_GetPCLK2Freq                     0x08001021   Thumb Code    22  stm32f1xx_hal_rcc.o(i.HAL_RCC_GetPCLK2Freq)
    HAL_RCC_GetSysClockFreq                  0x08001041   Thumb Code   118  stm32f1xx_hal_rcc.o(i.HAL_RCC_GetSysClockFreq)
    HAL_RCC_OscConfig                        0x080010d9   Thumb Code  1078  stm32f1xx_hal_rcc.o(i.HAL_RCC_OscConfig)
    HAL_SYSTICK_CLKSourceConfig              0x08001519   Thumb Code    40  stm32f1xx_hal_cortex.o(i.HAL_SYSTICK_CLKSourceConfig)
    HAL_SYSTICK_Config                       0x08001541   Thumb Code    52  stm32f1xx_hal_cortex.o(i.HAL_SYSTICK_Config)
    HAL_TIM_Base_Init                        0x08001575   Thumb Code    52  stm32f1xx_hal_tim.o(i.HAL_TIM_Base_Init)
    HAL_TIM_Base_MspInit                     0x080015a9   Thumb Code     2  stm32f1xx_hal_tim.o(i.HAL_TIM_Base_MspInit)
    HAL_TIM_Base_Start_IT                    0x080015ab   Thumb Code    30  stm32f1xx_hal_tim.o(i.HAL_TIM_Base_Start_IT)
    HAL_UART_ErrorCallback                   0x080015c9   Thumb Code     2  stm32f1xx_hal_uart.o(i.HAL_UART_ErrorCallback)
    HAL_UART_GetState                        0x080015cb   Thumb Code    20  stm32f1xx_hal_uart.o(i.HAL_UART_GetState)
    HAL_UART_IRQHandler                      0x080015e1   Thumb Code   326  stm32f1xx_hal_uart.o(i.HAL_UART_IRQHandler)
    HAL_UART_Init                            0x0800172d   Thumb Code   114  stm32f1xx_hal_uart.o(i.HAL_UART_Init)
    HAL_UART_MspInit                         0x080017a1   Thumb Code   156  usart.o(i.HAL_UART_MspInit)
    HAL_UART_Receive_IT                      0x08001849   Thumb Code   112  stm32f1xx_hal_uart.o(i.HAL_UART_Receive_IT)
    HAL_UART_RxCpltCallback                  0x080018b9   Thumb Code   120  usart.o(i.HAL_UART_RxCpltCallback)
    HAL_UART_TxCpltCallback                  0x08001941   Thumb Code     2  stm32f1xx_hal_uart.o(i.HAL_UART_TxCpltCallback)
    HardFault_Handler                        0x08001943   Thumb Code     4  stm32f1xx_it.o(i.HardFault_Handler)
    KEY_Init                                 0x08001949   Thumb Code   150  key.o(i.KEY_Init)
    KEY_Scan                                 0x080019f1   Thumb Code   198  key.o(i.KEY_Scan)
    LED_Init                                 0x08001ac9   Thumb Code    70  led.o(i.LED_Init)
    MPU_Get_Accelerometer                    0x08001b19   Thumb Code    80  mpu6050.o(i.MPU_Get_Accelerometer)
    MPU_Get_Gyroscope                        0x08001b69   Thumb Code    80  mpu6050.o(i.MPU_Get_Gyroscope)
    MPU_Get_Temperature                      0x08001bb9   Thumb Code    86  mpu6050.o(i.MPU_Get_Temperature)
    MPU_IIC_Ack                              0x08001c21   Thumb Code    62  mpuiic.o(i.MPU_IIC_Ack)
    MPU_IIC_Delay                            0x08001c6d   Thumb Code    10  mpuiic.o(i.MPU_IIC_Delay)
    MPU_IIC_Init                             0x08001c79   Thumb Code    68  mpuiic.o(i.MPU_IIC_Init)
    MPU_IIC_NAck                             0x08001cc5   Thumb Code    62  mpuiic.o(i.MPU_IIC_NAck)
    MPU_IIC_Read_Byte                        0x08001d11   Thumb Code    94  mpuiic.o(i.MPU_IIC_Read_Byte)
    MPU_IIC_Send_Byte                        0x08001d7d   Thumb Code    80  mpuiic.o(i.MPU_IIC_Send_Byte)
    MPU_IIC_Start                            0x08001dd9   Thumb Code    60  mpuiic.o(i.MPU_IIC_Start)
    MPU_IIC_Stop                             0x08001e21   Thumb Code    58  mpuiic.o(i.MPU_IIC_Stop)
    MPU_IIC_Wait_Ack                         0x08001e69   Thumb Code    86  mpuiic.o(i.MPU_IIC_Wait_Ack)
    MPU_Read_Byte                            0x08001ecd   Thumb Code    58  mpu6050.o(i.MPU_Read_Byte)
    MPU_Read_Len                             0x08001f07   Thumb Code   116  mpu6050.o(i.MPU_Read_Len)
    MPU_Write_Byte                           0x08001f7b   Thumb Code    68  mpu6050.o(i.MPU_Write_Byte)
    MPU_Write_Len                            0x08001fbf   Thumb Code    96  mpu6050.o(i.MPU_Write_Len)
    MemManage_Handler                        0x0800201f   Thumb Code     4  stm32f1xx_it.o(i.MemManage_Handler)
    NMI_Handler                              0x08002023   Thumb Code     2  stm32f1xx_it.o(i.NMI_Handler)
    PendSV_Handler                           0x0800205d   Thumb Code     2  stm32f1xx_it.o(i.PendSV_Handler)
    SVC_Handler                              0x08002089   Thumb Code     2  stm32f1xx_it.o(i.SVC_Handler)
    Stm32_Clock_Init                         0x0800208b   Thumb Code    86  sys.o(i.Stm32_Clock_Init)
    SysTick_Handler                          0x080020e1   Thumb Code     8  stm32f1xx_it.o(i.SysTick_Handler)
    SystemInit                               0x080020e9   Thumb Code    70  system_stm32f1xx.o(i.SystemInit)
    TIM4_IRQHandler                          0x08002141   Thumb Code    60  usmart.o(i.TIM4_IRQHandler)
    TIM_Base_SetConfig                       0x08002185   Thumb Code   102  stm32f1xx_hal_tim.o(i.TIM_Base_SetConfig)
    Timer4_Init                              0x080021f9   Thumb Code    84  usmart.o(i.Timer4_Init)
    USART1_IRQHandler                        0x08002585   Thumb Code    56  usart.o(i.USART1_IRQHandler)
    UsageFault_Handler                       0x080025c5   Thumb Code     4  stm32f1xx_it.o(i.UsageFault_Handler)
    __ARM_fpclassify                         0x080025c9   Thumb Code    40  fpclassify.o(i.__ARM_fpclassify)
    __kernel_poly                            0x080025f1   Thumb Code   170  poly.o(i.__kernel_poly)
    __mathlib_dbl_infnan                     0x0800269b   Thumb Code     6  dunder.o(i.__mathlib_dbl_infnan)
    __mathlib_dbl_infnan2                    0x080026a1   Thumb Code     4  dunder.o(i.__mathlib_dbl_infnan2)
    __mathlib_dbl_invalid                    0x080026a5   Thumb Code    12  dunder.o(i.__mathlib_dbl_invalid)
    __mathlib_dbl_underflow                  0x080026b1   Thumb Code    10  dunder.o(i.__mathlib_dbl_underflow)
    _is_digit                                0x080026c1   Thumb Code    14  __printf_wp.o(i._is_digit)
    _sys_exit                                0x080026cf   Thumb Code     4  usart.o(i._sys_exit)
    asin                                     0x0800277d   Thumb Code   572  asin.o(i.asin)
    atan                                     0x080029ed   Thumb Code   474  atan.o(i.atan)
    atan2                                    0x08002c0d   Thumb Code   346  atan2.o(i.atan2)
    delay_init                               0x08002df1   Thumb Code    16  delay.o(i.delay_init)
    delay_ms                                 0x08002e05   Thumb Code    24  delay.o(i.delay_ms)
    delay_us                                 0x08002e1d   Thumb Code    68  delay.o(i.delay_us)
    dmp_enable_6x_lp_quat                    0x08002e65   Thumb Code    60  inv_mpu_dmp_motion_driver.o(i.dmp_enable_6x_lp_quat)
    dmp_enable_feature                       0x08002ea1   Thumb Code   530  inv_mpu_dmp_motion_driver.o(i.dmp_enable_feature)
    dmp_enable_gyro_cal                      0x080030bd   Thumb Code    62  inv_mpu_dmp_motion_driver.o(i.dmp_enable_gyro_cal)
    dmp_enable_lp_quat                       0x08003115   Thumb Code    60  inv_mpu_dmp_motion_driver.o(i.dmp_enable_lp_quat)
    dmp_load_motion_driver_firmware          0x08003151   Thumb Code    20  inv_mpu_dmp_motion_driver.o(i.dmp_load_motion_driver_firmware)
    dmp_read_fifo                            0x08003169   Thumb Code   456  inv_mpu_dmp_motion_driver.o(i.dmp_read_fifo)
    dmp_set_accel_bias                       0x08003335   Thumb Code   300  inv_mpu_dmp_motion_driver.o(i.dmp_set_accel_bias)
    dmp_set_fifo_rate                        0x08003465   Thumb Code    96  inv_mpu_dmp_motion_driver.o(i.dmp_set_fifo_rate)
    dmp_set_gyro_bias                        0x080034d5   Thumb Code   294  inv_mpu_dmp_motion_driver.o(i.dmp_set_gyro_bias)
    dmp_set_orientation                      0x08003605   Thumb Code   290  inv_mpu_dmp_motion_driver.o(i.dmp_set_orientation)
    dmp_set_shake_reject_thresh              0x0800373d   Thumb Code    56  inv_mpu_dmp_motion_driver.o(i.dmp_set_shake_reject_thresh)
    dmp_set_shake_reject_time                0x08003775   Thumb Code    38  inv_mpu_dmp_motion_driver.o(i.dmp_set_shake_reject_time)
    dmp_set_shake_reject_timeout             0x0800379b   Thumb Code    38  inv_mpu_dmp_motion_driver.o(i.dmp_set_shake_reject_timeout)
    dmp_set_tap_axes                         0x080037c1   Thumb Code    70  inv_mpu_dmp_motion_driver.o(i.dmp_set_tap_axes)
    dmp_set_tap_count                        0x08003807   Thumb Code    38  inv_mpu_dmp_motion_driver.o(i.dmp_set_tap_count)
    dmp_set_tap_thresh                       0x0800382d   Thumb Code   396  inv_mpu_dmp_motion_driver.o(i.dmp_set_tap_thresh)
    dmp_set_tap_time                         0x080039cd   Thumb Code    38  inv_mpu_dmp_motion_driver.o(i.dmp_set_tap_time)
    dmp_set_tap_time_multi                   0x080039f3   Thumb Code    38  inv_mpu_dmp_motion_driver.o(i.dmp_set_tap_time_multi)
    fputc                                    0x08003a19   Thumb Code    24  usart.o(i.fputc)
    inv_orientation_matrix_to_scalar         0x08004069   Thumb Code    40  inv_mpu.o(i.inv_orientation_matrix_to_scalar)
    inv_row_2_scale                          0x08004091   Thumb Code    78  inv_mpu.o(i.inv_row_2_scale)
    main                                     0x080040e1   Thumb Code   520  main.o(i.main)
    mget_ms                                  0x080043fd   Thumb Code     2  inv_mpu.o(i.mget_ms)
    mpu_configure_fifo                       0x08004401   Thumb Code   106  inv_mpu.o(i.mpu_configure_fifo)
    mpu_dmp_get_data                         0x08004471   Thumb Code   544  inv_mpu.o(i.mpu_dmp_get_data)
    mpu_dmp_init                             0x08004695   Thumb Code   154  inv_mpu.o(i.mpu_dmp_init)
    mpu_get_accel_fsr                        0x08004735   Thumb Code    72  inv_mpu.o(i.mpu_get_accel_fsr)
    mpu_get_accel_sens                       0x08004781   Thumb Code    78  inv_mpu.o(i.mpu_get_accel_sens)
    mpu_get_fifo_config                      0x080047d5   Thumb Code    12  inv_mpu.o(i.mpu_get_fifo_config)
    mpu_get_gyro_fsr                         0x080047e5   Thumb Code    64  inv_mpu.o(i.mpu_get_gyro_fsr)
    mpu_get_gyro_sens                        0x08004829   Thumb Code    58  inv_mpu.o(i.mpu_get_gyro_sens)
    mpu_get_lpf                              0x08004879   Thumb Code    74  inv_mpu.o(i.mpu_get_lpf)
    mpu_get_sample_rate                      0x080048c9   Thumb Code    26  inv_mpu.o(i.mpu_get_sample_rate)
    mpu_init                                 0x080048e9   Thumb Code   416  inv_mpu.o(i.mpu_init)
    mpu_load_firmware                        0x08004ad9   Thumb Code   180  inv_mpu.o(i.mpu_load_firmware)
    mpu_lp_accel_mode                        0x08004b91   Thumb Code   218  inv_mpu.o(i.mpu_lp_accel_mode)
    mpu_read_fifo_stream                     0x08004c71   Thumb Code   186  inv_mpu.o(i.mpu_read_fifo_stream)
    mpu_read_mem                             0x08004d31   Thumb Code   122  inv_mpu.o(i.mpu_read_mem)
    mpu_reset_fifo                           0x08004db1   Thumb Code   450  inv_mpu.o(i.mpu_reset_fifo)
    mpu_run_self_test                        0x08004f79   Thumb Code   278  inv_mpu.o(i.mpu_run_self_test)
    mpu_set_accel_fsr                        0x08005095   Thumb Code   126  inv_mpu.o(i.mpu_set_accel_fsr)
    mpu_set_bypass                           0x08005119   Thumb Code   328  inv_mpu.o(i.mpu_set_bypass)
    mpu_set_dmp_state                        0x08005265   Thumb Code   138  inv_mpu.o(i.mpu_set_dmp_state)
    mpu_set_gyro_fsr                         0x080052f5   Thumb Code   132  inv_mpu.o(i.mpu_set_gyro_fsr)
    mpu_set_int_latched                      0x0800537d   Thumb Code   102  inv_mpu.o(i.mpu_set_int_latched)
    mpu_set_lpf                              0x080053e9   Thumb Code   126  inv_mpu.o(i.mpu_set_lpf)
    mpu_set_sample_rate                      0x0800546d   Thumb Code   152  inv_mpu.o(i.mpu_set_sample_rate)
    mpu_set_sensors                          0x08005509   Thumb Code   202  inv_mpu.o(i.mpu_set_sensors)
    mpu_write_mem                            0x080055d9   Thumb Code   122  inv_mpu.o(i.mpu_write_mem)
    read_addr                                0x08005659   Thumb Code     6  usmart.o(i.read_addr)
    run_self_test                            0x0800565f   Thumb Code   148  inv_mpu.o(i.run_self_test)
    sqrt                                     0x08005785   Thumb Code    76  sqrt.o(i.sqrt)
    uart_init                                0x080057d1   Thumb Code    44  usart.o(i.uart_init)
    usmart_cmd_rec                           0x08005809   Thumb Code   170  usmart.o(i.usmart_cmd_rec)
    usmart_exe                               0x080058b9   Thumb Code   632  usmart.o(i.usmart_exe)
    usmart_get_aparm                         0x08005b8d   Thumb Code   212  usmart_str.o(i.usmart_get_aparm)
    usmart_get_cmdname                       0x08005c61   Thumb Code    54  usmart_str.o(i.usmart_get_cmdname)
    usmart_get_fname                         0x08005c99   Thumb Code   440  usmart_str.o(i.usmart_get_fname)
    usmart_get_fparam                        0x08005e59   Thumb Code   262  usmart_str.o(i.usmart_get_fparam)
    usmart_get_parmpos                       0x08005f65   Thumb Code    26  usmart_str.o(i.usmart_get_parmpos)
    usmart_get_runtime                       0x08005f85   Thumb Code    58  usmart.o(i.usmart_get_runtime)
    usmart_init                              0x08005fc9   Thumb Code    36  usmart.o(i.usmart_init)
    usmart_pow                               0x08005ff1   Thumb Code    22  usmart_str.o(i.usmart_pow)
    usmart_reset_runtime                     0x08006009   Thumb Code    44  usmart.o(i.usmart_reset_runtime)
    usmart_scan                              0x0800603d   Thumb Code   120  usmart.o(i.usmart_scan)
    usmart_search_nextc                      0x080060f9   Thumb Code    22  usmart_str.o(i.usmart_search_nextc)
    usmart_str2num                           0x0800610f   Thumb Code   262  usmart_str.o(i.usmart_str2num)
    usmart_strcmp                            0x08006215   Thumb Code    34  usmart_str.o(i.usmart_strcmp)
    usmart_strcopy                           0x08006237   Thumb Code    22  usmart_str.o(i.usmart_strcopy)
    usmart_strlen                            0x0800624d   Thumb Code    24  usmart_str.o(i.usmart_strlen)
    usmart_sys_cmd_exe                       0x08006265   Thumb Code  1570  usmart.o(i.usmart_sys_cmd_exe)
    write_addr                               0x08006959   Thumb Code     4  usmart.o(i.write_addr)
    __aeabi_d2f                              0x0800695d   Thumb Code     0  d2f.o(x$fpl$d2f)
    _d2f                                     0x0800695d   Thumb Code    98  d2f.o(x$fpl$d2f)
    __aeabi_dadd                             0x080069c1   Thumb Code     0  daddsub_clz.o(x$fpl$dadd)
    _dadd                                    0x080069c1   Thumb Code   332  daddsub_clz.o(x$fpl$dadd)
    __fpl_dcheck_NaN1                        0x08006b11   Thumb Code    10  dcheck1.o(x$fpl$dcheck1)
    __aeabi_ddiv                             0x08006b21   Thumb Code     0  ddiv.o(x$fpl$ddiv)
    _ddiv                                    0x08006b21   Thumb Code   552  ddiv.o(x$fpl$ddiv)
    __aeabi_i2d                              0x08006dd1   Thumb Code     0  dflt_clz.o(x$fpl$dflt)
    _dflt                                    0x08006dd1   Thumb Code    46  dflt_clz.o(x$fpl$dflt)
    __aeabi_dmul                             0x08006e01   Thumb Code     0  dmul.o(x$fpl$dmul)
    _dmul                                    0x08006e01   Thumb Code   332  dmul.o(x$fpl$dmul)
    __fpl_dnaninf                            0x08006f55   Thumb Code   156  dnaninf.o(x$fpl$dnaninf)
    __fpl_dretinf                            0x08006ff1   Thumb Code    12  dretinf.o(x$fpl$dretinf)
    __aeabi_drsub                            0x08006ffd   Thumb Code     0  daddsub_clz.o(x$fpl$drsb)
    _drsb                                    0x08006ffd   Thumb Code    22  daddsub_clz.o(x$fpl$drsb)
    _dsqrt                                   0x08007015   Thumb Code   456  dsqrt_noumaal.o(x$fpl$dsqrt)
    __aeabi_dsub                             0x080071e1   Thumb Code     0  daddsub_clz.o(x$fpl$dsub)
    _dsub                                    0x080071e1   Thumb Code   464  daddsub_clz.o(x$fpl$dsub)
    __aeabi_f2d                              0x080073b5   Thumb Code     0  f2d.o(x$fpl$f2d)
    _f2d                                     0x080073b5   Thumb Code    86  f2d.o(x$fpl$f2d)
    __aeabi_fadd                             0x0800740d   Thumb Code     0  faddsub_clz.o(x$fpl$fadd)
    _fadd                                    0x0800740d   Thumb Code   196  faddsub_clz.o(x$fpl$fadd)
    __fpl_fcmp_Inf                           0x080074d1   Thumb Code    24  fcmpi.o(x$fpl$fcmpinf)
    __aeabi_fdiv                             0x080074e9   Thumb Code     0  fdiv.o(x$fpl$fdiv)
    _fdiv                                    0x080074e9   Thumb Code   384  fdiv.o(x$fpl$fdiv)
    __aeabi_cfcmpeq                          0x0800766d   Thumb Code     0  feqf.o(x$fpl$feqf)
    _fcmpeq                                  0x0800766d   Thumb Code   104  feqf.o(x$fpl$feqf)
    __aeabi_f2iz                             0x080076d5   Thumb Code     0  ffix.o(x$fpl$ffix)
    _ffix                                    0x080076d5   Thumb Code    54  ffix.o(x$fpl$ffix)
    __aeabi_f2uiz                            0x0800770d   Thumb Code     0  ffixu.o(x$fpl$ffixu)
    _ffixu                                   0x0800770d   Thumb Code    62  ffixu.o(x$fpl$ffixu)
    __aeabi_i2f                              0x0800774d   Thumb Code     0  fflt_clz.o(x$fpl$fflt)
    _fflt                                    0x0800774d   Thumb Code    48  fflt_clz.o(x$fpl$fflt)
    __aeabi_ui2f                             0x0800777d   Thumb Code     0  fflt_clz.o(x$fpl$ffltu)
    _ffltu                                   0x0800777d   Thumb Code    38  fflt_clz.o(x$fpl$ffltu)
    __aeabi_cfcmple                          0x080077a5   Thumb Code     0  fleqf.o(x$fpl$fleqf)
    _fcmple                                  0x080077a5   Thumb Code   104  fleqf.o(x$fpl$fleqf)
    __fpl_fcmple_InfNaN                      0x080077f7   Thumb Code     0  fleqf.o(x$fpl$fleqf)
    __aeabi_fmul                             0x0800780d   Thumb Code     0  fmul.o(x$fpl$fmul)
    _fmul                                    0x0800780d   Thumb Code   258  fmul.o(x$fpl$fmul)
    __fpl_fnaninf                            0x0800790f   Thumb Code   140  fnaninf.o(x$fpl$fnaninf)
    __fpl_fretinf                            0x0800799b   Thumb Code    10  fretinf.o(x$fpl$fretinf)
    __aeabi_cfrcmple                         0x080079a5   Thumb Code     0  frleqf.o(x$fpl$frleqf)
    _frcmple                                 0x080079a5   Thumb Code    98  frleqf.o(x$fpl$frleqf)
    __aeabi_fsub                             0x08007a09   Thumb Code     0  faddsub_clz.o(x$fpl$fsub)
    _fsub                                    0x08007a09   Thumb Code   234  faddsub_clz.o(x$fpl$fsub)
    __fpl_return_NaN                         0x08007af3   Thumb Code   100  retnan.o(x$fpl$retnan)
    __ARM_scalbn                             0x08007b57   Thumb Code    92  scalbn.o(x$fpl$scalbn)
    __fpl_cmpreturn                          0x08007bb3   Thumb Code    48  trapv.o(x$fpl$trapveneer)
    AHBPrescTable                            0x08007be2   Data          16  system_stm32f1xx.o(.constdata)
    __I$use$fp                               0x08007be2   Number         0  usenofp.o(x$fpl$usenofp)
    APBPrescTable                            0x08007bf2   Data           8  system_stm32f1xx.o(.constdata)
    reg                                      0x08007bfc   Data          27  inv_mpu.o(.constdata)
    hw                                       0x08007c18   Data          12  inv_mpu.o(.constdata)
    test                                     0x08007c24   Data          40  inv_mpu.o(.constdata)
    __mathlib_zero                           0x08008968   Data           8  qnan.o(.constdata)
    Region$$Table$$Base                      0x08008a84   Number         0  anon$$obj.o(Region$$Table)
    Region$$Table$$Limit                     0x08008aa4   Number         0  anon$$obj.o(Region$$Table)
    SystemCoreClock                          0x20000000   Data           4  system_stm32f1xx.o(.data)
    __stdout                                 0x20000008   Data           4  usart.o(.data)
    USART_RX_STA                             0x2000000c   Data           2  usart.o(.data)
    aRxBuffer                                0x2000000e   Data           1  usart.o(.data)
    uwTick                                   0x20000010   Data           4  stm32f1xx_hal.o(.data)
    sys_cmd_tab                              0x20000050   Data          28  usmart.o(.data)
    usmart_nametab                           0x2000006c   Data          40  usmart_config.o(.data)
    usmart_dev                               0x20000094   Data         244  usmart_config.o(.data)
    USART_RX_BUF                             0x20000188   Data         200  usart.o(.bss)
    UART1_Handler                            0x20000250   Data          64  usart.o(.bss)
    TIM4_Handler                             0x200002a0   Data          64  usmart.o(.bss)
    __libspace_start                         0x200002e0   Data          96  libspace.o(.bss)
    __temporary_stack_top$libspace           0x20000340   Data           0  libspace.o(.bss)



==============================================================================

Memory Map of the image

  Image Entry point : 0x080000ed

  Load Region LR_IROM1 (Base: 0x08000000, Size: 0x00008c2c, Max: 0x00010000, ABSOLUTE, COMPRESSED[0x00008b0c])

    Execution Region ER_IROM1 (Base: 0x08000000, Size: 0x00008aa4, Max: 0x00010000, ABSOLUTE)

    Base Addr    Size         Type   Attr      Idx    E Section Name        Object

    0x08000000   0x000000ec   Data   RO          579    RESET               startup_stm32f103xb.o
    0x080000ec   0x00000008   Code   RO         3810  * !!!main             c_w.l(__main.o)
    0x080000f4   0x00000034   Code   RO         4139    !!!scatter          c_w.l(__scatter.o)
    0x08000128   0x0000005a   Code   RO         4137    !!dczerorl2         c_w.l(__dczerorl2.o)
    0x08000182   0x00000002   PAD
    0x08000184   0x0000001c   Code   RO         4141    !!handler_zi        c_w.l(__scatter_zi.o)
    0x080001a0   0x00000000   Code   RO         3803    .ARM.Collect$$_printf_percent$$00000000  c_w.l(_printf_percent.o)
    0x080001a0   0x00000006   Code   RO         3801    .ARM.Collect$$_printf_percent$$00000009  c_w.l(_printf_d.o)
    0x080001a6   0x00000006   Code   RO         3802    .ARM.Collect$$_printf_percent$$0000000A  c_w.l(_printf_u.o)
    0x080001ac   0x00000006   Code   RO         3800    .ARM.Collect$$_printf_percent$$0000000C  c_w.l(_printf_x.o)
    0x080001b2   0x00000006   Code   RO         3798    .ARM.Collect$$_printf_percent$$00000013  c_w.l(_printf_c.o)
    0x080001b8   0x00000006   Code   RO         3799    .ARM.Collect$$_printf_percent$$00000014  c_w.l(_printf_s.o)
    0x080001be   0x00000004   Code   RO         3897    .ARM.Collect$$_printf_percent$$00000017  c_w.l(_printf_percent_end.o)
    0x080001c2   0x00000002   Code   RO         4004    .ARM.Collect$$libinit$$00000000  c_w.l(libinit.o)
    0x080001c4   0x00000000   Code   RO         4016    .ARM.Collect$$libinit$$00000002  c_w.l(libinit2.o)
    0x080001c4   0x00000000   Code   RO         4018    .ARM.Collect$$libinit$$00000004  c_w.l(libinit2.o)
    0x080001c4   0x00000000   Code   RO         4021    .ARM.Collect$$libinit$$0000000A  c_w.l(libinit2.o)
    0x080001c4   0x00000000   Code   RO         4023    .ARM.Collect$$libinit$$0000000C  c_w.l(libinit2.o)
    0x080001c4   0x00000000   Code   RO         4025    .ARM.Collect$$libinit$$0000000E  c_w.l(libinit2.o)
    0x080001c4   0x00000000   Code   RO         4028    .ARM.Collect$$libinit$$00000011  c_w.l(libinit2.o)
    0x080001c4   0x00000000   Code   RO         4030    .ARM.Collect$$libinit$$00000013  c_w.l(libinit2.o)
    0x080001c4   0x00000000   Code   RO         4032    .ARM.Collect$$libinit$$00000015  c_w.l(libinit2.o)
    0x080001c4   0x00000000   Code   RO         4034    .ARM.Collect$$libinit$$00000017  c_w.l(libinit2.o)
    0x080001c4   0x00000000   Code   RO         4036    .ARM.Collect$$libinit$$00000019  c_w.l(libinit2.o)
    0x080001c4   0x00000000   Code   RO         4038    .ARM.Collect$$libinit$$0000001B  c_w.l(libinit2.o)
    0x080001c4   0x00000000   Code   RO         4040    .ARM.Collect$$libinit$$0000001D  c_w.l(libinit2.o)
    0x080001c4   0x00000000   Code   RO         4042    .ARM.Collect$$libinit$$0000001F  c_w.l(libinit2.o)
    0x080001c4   0x00000000   Code   RO         4044    .ARM.Collect$$libinit$$00000021  c_w.l(libinit2.o)
    0x080001c4   0x00000000   Code   RO         4046    .ARM.Collect$$libinit$$00000023  c_w.l(libinit2.o)
    0x080001c4   0x00000000   Code   RO         4048    .ARM.Collect$$libinit$$00000025  c_w.l(libinit2.o)
    0x080001c4   0x00000000   Code   RO         4052    .ARM.Collect$$libinit$$0000002C  c_w.l(libinit2.o)
    0x080001c4   0x00000000   Code   RO         4054    .ARM.Collect$$libinit$$0000002E  c_w.l(libinit2.o)
    0x080001c4   0x00000000   Code   RO         4056    .ARM.Collect$$libinit$$00000030  c_w.l(libinit2.o)
    0x080001c4   0x00000000   Code   RO         4058    .ARM.Collect$$libinit$$00000032  c_w.l(libinit2.o)
    0x080001c4   0x00000002   Code   RO         4059    .ARM.Collect$$libinit$$00000033  c_w.l(libinit2.o)
    0x080001c6   0x00000002   Code   RO         4089    .ARM.Collect$$libshutdown$$00000000  c_w.l(libshutdown.o)
    0x080001c8   0x00000000   Code   RO         4103    .ARM.Collect$$libshutdown$$00000002  c_w.l(libshutdown2.o)
    0x080001c8   0x00000000   Code   RO         4105    .ARM.Collect$$libshutdown$$00000004  c_w.l(libshutdown2.o)
    0x080001c8   0x00000000   Code   RO         4108    .ARM.Collect$$libshutdown$$00000007  c_w.l(libshutdown2.o)
    0x080001c8   0x00000000   Code   RO         4111    .ARM.Collect$$libshutdown$$0000000A  c_w.l(libshutdown2.o)
    0x080001c8   0x00000000   Code   RO         4113    .ARM.Collect$$libshutdown$$0000000C  c_w.l(libshutdown2.o)
    0x080001c8   0x00000000   Code   RO         4116    .ARM.Collect$$libshutdown$$0000000F  c_w.l(libshutdown2.o)
    0x080001c8   0x00000002   Code   RO         4117    .ARM.Collect$$libshutdown$$00000010  c_w.l(libshutdown2.o)
    0x080001ca   0x00000000   Code   RO         3886    .ARM.Collect$$rtentry$$00000000  c_w.l(__rtentry.o)
    0x080001ca   0x00000000   Code   RO         3951    .ARM.Collect$$rtentry$$00000002  c_w.l(__rtentry2.o)
    0x080001ca   0x00000006   Code   RO         3963    .ARM.Collect$$rtentry$$00000004  c_w.l(__rtentry4.o)
    0x080001d0   0x00000000   Code   RO         3953    .ARM.Collect$$rtentry$$00000009  c_w.l(__rtentry2.o)
    0x080001d0   0x00000004   Code   RO         3954    .ARM.Collect$$rtentry$$0000000A  c_w.l(__rtentry2.o)
    0x080001d4   0x00000000   Code   RO         3956    .ARM.Collect$$rtentry$$0000000C  c_w.l(__rtentry2.o)
    0x080001d4   0x00000008   Code   RO         3957    .ARM.Collect$$rtentry$$0000000D  c_w.l(__rtentry2.o)
    0x080001dc   0x00000002   Code   RO         4009    .ARM.Collect$$rtexit$$00000000  c_w.l(rtexit.o)
    0x080001de   0x00000000   Code   RO         4063    .ARM.Collect$$rtexit$$00000002  c_w.l(rtexit2.o)
    0x080001de   0x00000004   Code   RO         4064    .ARM.Collect$$rtexit$$00000003  c_w.l(rtexit2.o)
    0x080001e2   0x00000006   Code   RO         4065    .ARM.Collect$$rtexit$$00000004  c_w.l(rtexit2.o)
    0x080001e8   0x00000040   Code   RO          580    .text               startup_stm32f103xb.o
    0x08000228   0x00000002   Code   RO         3741    .text               c_w.l(use_no_semi_2.o)
    0x0800022a   0x00000048   Code   RO         3743    .text               c_w.l(llsdiv.o)
    0x08000272   0x00000002   PAD
    0x08000274   0x00000018   Code   RO         3747    .text               c_w.l(noretval__2printf.o)
    0x0800028c   0x0000004e   Code   RO         3751    .text               c_w.l(_printf_pad.o)
    0x080002da   0x00000052   Code   RO         3753    .text               c_w.l(_printf_str.o)
    0x0800032c   0x00000078   Code   RO         3755    .text               c_w.l(_printf_dec.o)
    0x080003a4   0x00000058   Code   RO         3760    .text               c_w.l(_printf_hex_int.o)
    0x080003fc   0x00000188   Code   RO         3795    .text               c_w.l(__printf_flags_ss_wp.o)
    0x08000584   0x00000058   Code   RO         3804    .text               c_w.l(memcmp.o)
    0x080005dc   0x00000010   Code   RO         3806    .text               c_w.l(aeabi_memset.o)
    0x080005ec   0x00000006   Code   RO         3808    .text               c_w.l(heapauxi.o)
    0x080005f2   0x00000002   Code   RO         3884    .text               c_w.l(use_no_semi.o)
    0x080005f4   0x000000ee   Code   RO         3887    .text               c_w.l(lludivv7m.o)
    0x080006e2   0x00000016   Code   RO         3889    .text               c_w.l(_rserrno.o)
    0x080006f8   0x000000b2   Code   RO         3891    .text               c_w.l(_printf_intcommon.o)
    0x080007aa   0x0000002c   Code   RO         3893    .text               c_w.l(_printf_char.o)
    0x080007d6   0x00000002   PAD
    0x080007d8   0x00000024   Code   RO         3895    .text               c_w.l(_printf_char_file.o)
    0x080007fc   0x00000044   Code   RO         3898    .text               c_w.l(rt_memclr.o)
    0x08000840   0x00000008   Code   RO         3972    .text               c_w.l(rt_errno_addr_intlibspace.o)
    0x08000848   0x00000030   Code   RO         3974    .text               c_w.l(_printf_char_common.o)
    0x08000878   0x00000008   Code   RO         3976    .text               c_w.l(ferror.o)
    0x08000880   0x0000004e   Code   RO         3980    .text               c_w.l(rt_memclr_w.o)
    0x080008ce   0x00000002   PAD
    0x080008d0   0x00000008   Code   RO         3988    .text               c_w.l(libspace.o)
    0x080008d8   0x0000004a   Code   RO         3991    .text               c_w.l(sys_stackheap_outer.o)
    0x08000922   0x00000012   Code   RO         3997    .text               c_w.l(exit.o)
    0x08000934   0x00000004   Code   RO          264    i.BusFault_Handler  stm32f1xx_it.o
    0x08000938   0x00000002   Code   RO          265    i.DebugMon_Handler  stm32f1xx_it.o
    0x0800093a   0x00000002   PAD
    0x0800093c   0x000000b0   Code   RO          852    i.HAL_DMA_Abort_IT  stm32f1xx_hal_dma.o
    0x080009ec   0x0000031c   Code   RO          948    i.HAL_GPIO_Init     stm32f1xx_hal_gpio.o
    0x08000d08   0x00000010   Code   RO          950    i.HAL_GPIO_ReadPin  stm32f1xx_hal_gpio.o
    0x08000d18   0x0000000c   Code   RO          952    i.HAL_GPIO_WritePin  stm32f1xx_hal_gpio.o
    0x08000d24   0x0000000c   Code   RO          598    i.HAL_GetTick       stm32f1xx_hal.o
    0x08000d30   0x00000010   Code   RO          600    i.HAL_IncTick       stm32f1xx_hal.o
    0x08000d40   0x00000028   Code   RO          601    i.HAL_Init          stm32f1xx_hal.o
    0x08000d68   0x00000028   Code   RO          602    i.HAL_InitTick      stm32f1xx_hal.o
    0x08000d90   0x00000002   Code   RO          232    i.HAL_MspInit       stm32f1xx_hal_msp.o
    0x08000d92   0x0000001a   Code   RO          730    i.HAL_NVIC_EnableIRQ  stm32f1xx_hal_cortex.o
    0x08000dac   0x0000007c   Code   RO          736    i.HAL_NVIC_SetPriority  stm32f1xx_hal_cortex.o
    0x08000e28   0x00000028   Code   RO          737    i.HAL_NVIC_SetPriorityGrouping  stm32f1xx_hal_cortex.o
    0x08000e50   0x000001a4   Code   RO         1173    i.HAL_RCC_ClockConfig  stm32f1xx_hal_rcc.o
    0x08000ff4   0x0000000c   Code   RO         1178    i.HAL_RCC_GetHCLKFreq  stm32f1xx_hal_rcc.o
    0x08001000   0x00000020   Code   RO         1180    i.HAL_RCC_GetPCLK1Freq  stm32f1xx_hal_rcc.o
    0x08001020   0x00000020   Code   RO         1181    i.HAL_RCC_GetPCLK2Freq  stm32f1xx_hal_rcc.o
    0x08001040   0x00000098   Code   RO         1182    i.HAL_RCC_GetSysClockFreq  stm32f1xx_hal_rcc.o
    0x080010d8   0x00000440   Code   RO         1185    i.HAL_RCC_OscConfig  stm32f1xx_hal_rcc.o
    0x08001518   0x00000028   Code   RO          739    i.HAL_SYSTICK_CLKSourceConfig  stm32f1xx_hal_cortex.o
    0x08001540   0x00000034   Code   RO          741    i.HAL_SYSTICK_Config  stm32f1xx_hal_cortex.o
    0x08001574   0x00000034   Code   RO         2147    i.HAL_TIM_Base_Init  stm32f1xx_hal_tim.o
    0x080015a8   0x00000002   Code   RO         2149    i.HAL_TIM_Base_MspInit  stm32f1xx_hal_tim.o
    0x080015aa   0x0000001e   Code   RO         2152    i.HAL_TIM_Base_Start_IT  stm32f1xx_hal_tim.o
    0x080015c8   0x00000002   Code   RO         1336    i.HAL_UART_ErrorCallback  stm32f1xx_hal_uart.o
    0x080015ca   0x00000014   Code   RO         1338    i.HAL_UART_GetState  stm32f1xx_hal_uart.o
    0x080015de   0x00000002   PAD
    0x080015e0   0x0000014c   Code   RO         1339    i.HAL_UART_IRQHandler  stm32f1xx_hal_uart.o
    0x0800172c   0x00000072   Code   RO         1340    i.HAL_UART_Init     stm32f1xx_hal_uart.o
    0x0800179e   0x00000002   PAD
    0x080017a0   0x000000a8   Code   RO          515    i.HAL_UART_MspInit  usart.o
    0x08001848   0x00000070   Code   RO         1345    i.HAL_UART_Receive_IT  stm32f1xx_hal_uart.o
    0x080018b8   0x00000088   Code   RO          516    i.HAL_UART_RxCpltCallback  usart.o
    0x08001940   0x00000002   Code   RO         1351    i.HAL_UART_TxCpltCallback  stm32f1xx_hal_uart.o
    0x08001942   0x00000004   Code   RO          266    i.HardFault_Handler  stm32f1xx_it.o
    0x08001946   0x00000002   PAD
    0x08001948   0x000000a8   Code   RO         2810    i.KEY_Init          key.o
    0x080019f0   0x000000d8   Code   RO         2811    i.KEY_Scan          key.o
    0x08001ac8   0x00000050   Code   RO         2786    i.LED_Init          led.o
    0x08001b18   0x00000050   Code   RO         2841    i.MPU_Get_Accelerometer  mpu6050.o
    0x08001b68   0x00000050   Code   RO         2842    i.MPU_Get_Gyroscope  mpu6050.o
    0x08001bb8   0x00000068   Code   RO         2843    i.MPU_Get_Temperature  mpu6050.o
    0x08001c20   0x0000004c   Code   RO         2931    i.MPU_IIC_Ack       mpuiic.o
    0x08001c6c   0x0000000a   Code   RO         2932    i.MPU_IIC_Delay     mpuiic.o
    0x08001c76   0x00000002   PAD
    0x08001c78   0x0000004c   Code   RO         2933    i.MPU_IIC_Init      mpuiic.o
    0x08001cc4   0x0000004c   Code   RO         2934    i.MPU_IIC_NAck      mpuiic.o
    0x08001d10   0x0000006c   Code   RO         2935    i.MPU_IIC_Read_Byte  mpuiic.o
    0x08001d7c   0x0000005c   Code   RO         2936    i.MPU_IIC_Send_Byte  mpuiic.o
    0x08001dd8   0x00000048   Code   RO         2937    i.MPU_IIC_Start     mpuiic.o
    0x08001e20   0x00000048   Code   RO         2938    i.MPU_IIC_Stop      mpuiic.o
    0x08001e68   0x00000064   Code   RO         2939    i.MPU_IIC_Wait_Ack  mpuiic.o
    0x08001ecc   0x0000003a   Code   RO         2845    i.MPU_Read_Byte     mpu6050.o
    0x08001f06   0x00000074   Code   RO         2846    i.MPU_Read_Len      mpu6050.o
    0x08001f7a   0x00000044   Code   RO         2851    i.MPU_Write_Byte    mpu6050.o
    0x08001fbe   0x00000060   Code   RO         2852    i.MPU_Write_Len     mpu6050.o
    0x0800201e   0x00000004   Code   RO          267    i.MemManage_Handler  stm32f1xx_it.o
    0x08002022   0x00000002   Code   RO          268    i.NMI_Handler       stm32f1xx_it.o
    0x08002024   0x00000010   Code   RO          743    i.NVIC_GetPriorityGrouping  stm32f1xx_hal_cortex.o
    0x08002034   0x00000028   Code   RO          744    i.NVIC_SetPriority  stm32f1xx_hal_cortex.o
    0x0800205c   0x00000002   Code   RO          269    i.PendSV_Handler    stm32f1xx_it.o
    0x0800205e   0x00000002   PAD
    0x08002060   0x00000028   Code   RO         1186    i.RCC_Delay         stm32f1xx_hal_rcc.o
    0x08002088   0x00000002   Code   RO          270    i.SVC_Handler       stm32f1xx_it.o
    0x0800208a   0x00000056   Code   RO          472    i.Stm32_Clock_Init  sys.o
    0x080020e0   0x00000008   Code   RO          271    i.SysTick_Handler   stm32f1xx_it.o
    0x080020e8   0x00000058   Code   RO          340    i.SystemInit        system_stm32f1xx.o
    0x08002140   0x00000044   Code   RO         3544    i.TIM4_IRQHandler   usmart.o
    0x08002184   0x00000074   Code   RO         2231    i.TIM_Base_SetConfig  stm32f1xx_hal_tim.o
    0x080021f8   0x00000060   Code   RO         3545    i.Timer4_Init       usmart.o
    0x08002258   0x00000014   Code   RO         1353    i.UART_DMAAbortOnError  stm32f1xx_hal_uart.o
    0x0800226c   0x00000020   Code   RO         1363    i.UART_EndRxTransfer  stm32f1xx_hal_uart.o
    0x0800228c   0x00000020   Code   RO         1364    i.UART_EndTransmit_IT  stm32f1xx_hal_uart.o
    0x080022ac   0x000000a6   Code   RO         1366    i.UART_Receive_IT   stm32f1xx_hal_uart.o
    0x08002352   0x00000002   PAD
    0x08002354   0x000001c8   Code   RO         1367    i.UART_SetConfig    stm32f1xx_hal_uart.o
    0x0800251c   0x00000068   Code   RO         1368    i.UART_Transmit_IT  stm32f1xx_hal_uart.o
    0x08002584   0x00000040   Code   RO          517    i.USART1_IRQHandler  usart.o
    0x080025c4   0x00000004   Code   RO          272    i.UsageFault_Handler  stm32f1xx_it.o
    0x080025c8   0x00000028   Code   RO         3937    i.__ARM_fpclassify  m_ws.l(fpclassify.o)
    0x080025f0   0x000000aa   Code   RO         3939    i.__kernel_poly     m_ws.l(poly.o)
    0x0800269a   0x00000006   Code   RO         3924    i.__mathlib_dbl_infnan  m_ws.l(dunder.o)
    0x080026a0   0x00000004   Code   RO         3925    i.__mathlib_dbl_infnan2  m_ws.l(dunder.o)
    0x080026a4   0x0000000c   Code   RO         3926    i.__mathlib_dbl_invalid  m_ws.l(dunder.o)
    0x080026b0   0x00000010   Code   RO         3929    i.__mathlib_dbl_underflow  m_ws.l(dunder.o)
    0x080026c0   0x0000000e   Code   RO         3788    i._is_digit         c_w.l(__printf_wp.o)
    0x080026ce   0x00000004   Code   RO          518    i._sys_exit         usart.o
    0x080026d2   0x00000002   PAD
    0x080026d4   0x000000a8   Code   RO         3003    i.accel_self_test   inv_mpu.o
    0x0800277c   0x00000270   Code   RO         3867    i.asin              m_ws.l(asin.o)
    0x080029ec   0x00000220   Code   RO         3914    i.atan              m_ws.l(atan.o)
    0x08002c0c   0x00000180   Code   RO         3877    i.atan2             m_ws.l(atan2.o)
    0x08002d8c   0x00000064   Code   RO         3346    i.decode_gesture    inv_mpu_dmp_motion_driver.o
    0x08002df0   0x00000014   Code   RO          431    i.delay_init        delay.o
    0x08002e04   0x00000018   Code   RO          432    i.delay_ms          delay.o
    0x08002e1c   0x00000048   Code   RO          433    i.delay_us          delay.o
    0x08002e64   0x0000003c   Code   RO         3347    i.dmp_enable_6x_lp_quat  inv_mpu_dmp_motion_driver.o
    0x08002ea0   0x0000021c   Code   RO         3348    i.dmp_enable_feature  inv_mpu_dmp_motion_driver.o
    0x080030bc   0x00000058   Code   RO         3349    i.dmp_enable_gyro_cal  inv_mpu_dmp_motion_driver.o
    0x08003114   0x0000003c   Code   RO         3350    i.dmp_enable_lp_quat  inv_mpu_dmp_motion_driver.o
    0x08003150   0x00000018   Code   RO         3355    i.dmp_load_motion_driver_firmware  inv_mpu_dmp_motion_driver.o
    0x08003168   0x000001cc   Code   RO         3356    i.dmp_read_fifo     inv_mpu_dmp_motion_driver.o
    0x08003334   0x00000130   Code   RO         3359    i.dmp_set_accel_bias  inv_mpu_dmp_motion_driver.o
    0x08003464   0x00000070   Code   RO         3360    i.dmp_set_fifo_rate  inv_mpu_dmp_motion_driver.o
    0x080034d4   0x00000130   Code   RO         3361    i.dmp_set_gyro_bias  inv_mpu_dmp_motion_driver.o
    0x08003604   0x00000138   Code   RO         3363    i.dmp_set_orientation  inv_mpu_dmp_motion_driver.o
    0x0800373c   0x00000038   Code   RO         3366    i.dmp_set_shake_reject_thresh  inv_mpu_dmp_motion_driver.o
    0x08003774   0x00000026   Code   RO         3367    i.dmp_set_shake_reject_time  inv_mpu_dmp_motion_driver.o
    0x0800379a   0x00000026   Code   RO         3368    i.dmp_set_shake_reject_timeout  inv_mpu_dmp_motion_driver.o
    0x080037c0   0x00000046   Code   RO         3369    i.dmp_set_tap_axes  inv_mpu_dmp_motion_driver.o
    0x08003806   0x00000026   Code   RO         3370    i.dmp_set_tap_count  inv_mpu_dmp_motion_driver.o
    0x0800382c   0x000001a0   Code   RO         3371    i.dmp_set_tap_thresh  inv_mpu_dmp_motion_driver.o
    0x080039cc   0x00000026   Code   RO         3372    i.dmp_set_tap_time  inv_mpu_dmp_motion_driver.o
    0x080039f2   0x00000026   Code   RO         3373    i.dmp_set_tap_time_multi  inv_mpu_dmp_motion_driver.o
    0x08003a18   0x0000001c   Code   RO          519    i.fputc             usart.o
    0x08003a34   0x000000b4   Code   RO         3004    i.get_accel_prod_shift  inv_mpu.o
    0x08003ae8   0x00000470   Code   RO         3005    i.get_st_biases     inv_mpu.o
    0x08003f58   0x00000110   Code   RO         3006    i.gyro_self_test    inv_mpu.o
    0x08004068   0x00000028   Code   RO         3007    i.inv_orientation_matrix_to_scalar  inv_mpu.o
    0x08004090   0x0000004e   Code   RO         3008    i.inv_row_2_scale   inv_mpu.o
    0x080040de   0x00000002   PAD
    0x080040e0   0x0000031c   Code   RO            4    i.main              main.o
    0x080043fc   0x00000002   Code   RO         3009    i.mget_ms           inv_mpu.o
    0x080043fe   0x00000002   PAD
    0x08004400   0x00000070   Code   RO         3010    i.mpu_configure_fifo  inv_mpu.o
    0x08004470   0x00000224   Code   RO         3011    i.mpu_dmp_get_data  inv_mpu.o
    0x08004694   0x000000a0   Code   RO         3012    i.mpu_dmp_init      inv_mpu.o
    0x08004734   0x0000004c   Code   RO         3013    i.mpu_get_accel_fsr  inv_mpu.o
    0x08004780   0x00000054   Code   RO         3015    i.mpu_get_accel_sens  inv_mpu.o
    0x080047d4   0x00000010   Code   RO         3020    i.mpu_get_fifo_config  inv_mpu.o
    0x080047e4   0x00000044   Code   RO         3021    i.mpu_get_gyro_fsr  inv_mpu.o
    0x08004828   0x00000050   Code   RO         3023    i.mpu_get_gyro_sens  inv_mpu.o
    0x08004878   0x00000050   Code   RO         3025    i.mpu_get_lpf       inv_mpu.o
    0x080048c8   0x00000020   Code   RO         3027    i.mpu_get_sample_rate  inv_mpu.o
    0x080048e8   0x000001f0   Code   RO         3029    i.mpu_init          inv_mpu.o
    0x08004ad8   0x000000b8   Code   RO         3030    i.mpu_load_firmware  inv_mpu.o
    0x08004b90   0x000000e0   Code   RO         3031    i.mpu_lp_accel_mode  inv_mpu.o
    0x08004c70   0x000000c0   Code   RO         3034    i.mpu_read_fifo_stream  inv_mpu.o
    0x08004d30   0x00000080   Code   RO         3035    i.mpu_read_mem      inv_mpu.o
    0x08004db0   0x000001c8   Code   RO         3038    i.mpu_reset_fifo    inv_mpu.o
    0x08004f78   0x0000011c   Code   RO         3039    i.mpu_run_self_test  inv_mpu.o
    0x08005094   0x00000084   Code   RO         3041    i.mpu_set_accel_fsr  inv_mpu.o
    0x08005118   0x0000014c   Code   RO         3042    i.mpu_set_bypass    inv_mpu.o
    0x08005264   0x00000090   Code   RO         3044    i.mpu_set_dmp_state  inv_mpu.o
    0x080052f4   0x00000088   Code   RO         3045    i.mpu_set_gyro_fsr  inv_mpu.o
    0x0800537c   0x0000006c   Code   RO         3046    i.mpu_set_int_latched  inv_mpu.o
    0x080053e8   0x00000084   Code   RO         3048    i.mpu_set_lpf       inv_mpu.o
    0x0800546c   0x0000009c   Code   RO         3049    i.mpu_set_sample_rate  inv_mpu.o
    0x08005508   0x000000d0   Code   RO         3050    i.mpu_set_sensors   inv_mpu.o
    0x080055d8   0x00000080   Code   RO         3051    i.mpu_write_mem     inv_mpu.o
    0x08005658   0x00000006   Code   RO         3546    i.read_addr         usmart.o
    0x0800565e   0x00000094   Code   RO         3052    i.run_self_test     inv_mpu.o
    0x080056f2   0x00000002   PAD
    0x080056f4   0x00000090   Code   RO         3053    i.set_int_enable    inv_mpu.o
    0x08005784   0x0000004c   Code   RO         3943    i.sqrt              m_ws.l(sqrt.o)
    0x080057d0   0x00000038   Code   RO          520    i.uart_init         usart.o
    0x08005808   0x000000b0   Code   RO         3547    i.usmart_cmd_rec    usmart.o
    0x080058b8   0x000002d4   Code   RO         3548    i.usmart_exe        usmart.o
    0x08005b8c   0x000000d4   Code   RO         3658    i.usmart_get_aparm  usmart_str.o
    0x08005c60   0x00000036   Code   RO         3659    i.usmart_get_cmdname  usmart_str.o
    0x08005c96   0x00000002   PAD
    0x08005c98   0x000001c0   Code   RO         3660    i.usmart_get_fname  usmart_str.o
    0x08005e58   0x0000010c   Code   RO         3661    i.usmart_get_fparam  usmart_str.o
    0x08005f64   0x00000020   Code   RO         3662    i.usmart_get_parmpos  usmart_str.o
    0x08005f84   0x00000044   Code   RO         3549    i.usmart_get_runtime  usmart.o
    0x08005fc8   0x00000028   Code   RO         3550    i.usmart_init       usmart.o
    0x08005ff0   0x00000016   Code   RO         3663    i.usmart_pow        usmart_str.o
    0x08006006   0x00000002   PAD
    0x08006008   0x00000034   Code   RO         3551    i.usmart_reset_runtime  usmart.o
    0x0800603c   0x000000bc   Code   RO         3552    i.usmart_scan       usmart.o
    0x080060f8   0x00000016   Code   RO         3664    i.usmart_search_nextc  usmart_str.o
    0x0800610e   0x00000106   Code   RO         3665    i.usmart_str2num    usmart_str.o
    0x08006214   0x00000022   Code   RO         3666    i.usmart_strcmp     usmart_str.o
    0x08006236   0x00000016   Code   RO         3667    i.usmart_strcopy    usmart_str.o
    0x0800624c   0x00000018   Code   RO         3668    i.usmart_strlen     usmart_str.o
    0x08006264   0x000006f4   Code   RO         3553    i.usmart_sys_cmd_exe  usmart.o
    0x08006958   0x00000004   Code   RO         3554    i.write_addr        usmart.o
    0x0800695c   0x00000062   Code   RO         3812    x$fpl$d2f           fz_ws.l(d2f.o)
    0x080069be   0x00000002   PAD
    0x080069c0   0x00000150   Code   RO         3814    x$fpl$dadd          fz_ws.l(daddsub_clz.o)
    0x08006b10   0x00000010   Code   RO         3982    x$fpl$dcheck1       fz_ws.l(dcheck1.o)
    0x08006b20   0x000002b0   Code   RO         3821    x$fpl$ddiv          fz_ws.l(ddiv.o)
    0x08006dd0   0x0000002e   Code   RO         3825    x$fpl$dflt          fz_ws.l(dflt_clz.o)
    0x08006dfe   0x00000002   PAD
    0x08006e00   0x00000154   Code   RO         3830    x$fpl$dmul          fz_ws.l(dmul.o)
    0x08006f54   0x0000009c   Code   RO         3900    x$fpl$dnaninf       fz_ws.l(dnaninf.o)
    0x08006ff0   0x0000000c   Code   RO         3902    x$fpl$dretinf       fz_ws.l(dretinf.o)
    0x08006ffc   0x00000016   Code   RO         3815    x$fpl$drsb          fz_ws.l(daddsub_clz.o)
    0x08007012   0x00000002   PAD
    0x08007014   0x000001cc   Code   RO         3986    x$fpl$dsqrt         fz_ws.l(dsqrt_noumaal.o)
    0x080071e0   0x000001d4   Code   RO         3816    x$fpl$dsub          fz_ws.l(daddsub_clz.o)
    0x080073b4   0x00000056   Code   RO         3832    x$fpl$f2d           fz_ws.l(f2d.o)
    0x0800740a   0x00000002   PAD
    0x0800740c   0x000000c4   Code   RO         3834    x$fpl$fadd          fz_ws.l(faddsub_clz.o)
    0x080074d0   0x00000018   Code   RO         3904    x$fpl$fcmpinf       fz_ws.l(fcmpi.o)
    0x080074e8   0x00000184   Code   RO         3841    x$fpl$fdiv          fz_ws.l(fdiv.o)
    0x0800766c   0x00000068   Code   RO         3844    x$fpl$feqf          fz_ws.l(feqf.o)
    0x080076d4   0x00000036   Code   RO         3846    x$fpl$ffix          fz_ws.l(ffix.o)
    0x0800770a   0x00000002   PAD
    0x0800770c   0x0000003e   Code   RO         3850    x$fpl$ffixu         fz_ws.l(ffixu.o)
    0x0800774a   0x00000002   PAD
    0x0800774c   0x00000030   Code   RO         3855    x$fpl$fflt          fz_ws.l(fflt_clz.o)
    0x0800777c   0x00000026   Code   RO         3854    x$fpl$ffltu         fz_ws.l(fflt_clz.o)
    0x080077a2   0x00000002   PAD
    0x080077a4   0x00000068   Code   RO         3860    x$fpl$fleqf         fz_ws.l(fleqf.o)
    0x0800780c   0x00000102   Code   RO         3862    x$fpl$fmul          fz_ws.l(fmul.o)
    0x0800790e   0x0000008c   Code   RO         3906    x$fpl$fnaninf       fz_ws.l(fnaninf.o)
    0x0800799a   0x0000000a   Code   RO         3908    x$fpl$fretinf       fz_ws.l(fretinf.o)
    0x080079a4   0x00000062   Code   RO         3864    x$fpl$frleqf        fz_ws.l(frleqf.o)
    0x08007a06   0x00000002   PAD
    0x08007a08   0x000000ea   Code   RO         3836    x$fpl$fsub          fz_ws.l(faddsub_clz.o)
    0x08007af2   0x00000064   Code   RO         4007    x$fpl$retnan        fz_ws.l(retnan.o)
    0x08007b56   0x0000005c   Code   RO         3910    x$fpl$scalbn        fz_ws.l(scalbn.o)
    0x08007bb2   0x00000030   Code   RO         4060    x$fpl$trapveneer    fz_ws.l(trapv.o)
    0x08007be2   0x00000000   Code   RO         3912    x$fpl$usenofp       fz_ws.l(usenofp.o)
    0x08007be2   0x00000018   Data   RO          341    .constdata          system_stm32f1xx.o
    0x08007bfa   0x00000002   PAD
    0x08007bfc   0x00000050   Data   RO         3055    .constdata          inv_mpu.o
    0x08007c4c   0x00000bf6   Data   RO         3375    .constdata          inv_mpu_dmp_motion_driver.o
    0x08008842   0x00000028   Data   RO         3761    .constdata          c_w.l(_printf_hex_int.o)
    0x0800886a   0x00000011   Data   RO         3796    .constdata          c_w.l(__printf_flags_ss_wp.o)
    0x0800887b   0x00000005   PAD
    0x08008880   0x00000050   Data   RO         3868    .constdata          m_ws.l(asin.o)
    0x080088d0   0x00000098   Data   RO         3915    .constdata          m_ws.l(atan.o)
    0x08008968   0x00000008   Data   RO         3941    .constdata          m_ws.l(qnan.o)
    0x08008970   0x0000004d   Data   RO         3056    .conststring        inv_mpu.o
    0x080089bd   0x00000003   PAD
    0x080089c0   0x00000028   Data   RO         3556    .conststring        usmart.o
    0x080089e8   0x0000009c   Data   RO         3633    .conststring        usmart_config.o
    0x08008a84   0x00000020   Data   RO         4135    Region$$Table       anon$$obj.o


    Execution Region RW_IRAM1 (Base: 0x20000000, Size: 0x00000940, Max: 0x00005000, ABSOLUTE, COMPRESSED[0x00000068])

    Base Addr    Size         Type   Attr      Idx    E Section Name        Object

    0x20000000   0x00000004   Data   RW          342    .data               system_stm32f1xx.o
    0x20000004   0x00000004   Data   RW          434    .data               delay.o
    0x20000008   0x00000007   Data   RW          522    .data               usart.o
    0x2000000f   0x00000001   PAD
    0x20000010   0x00000004   Data   RW          607    .data               stm32f1xx_hal.o
    0x20000014   0x00000001   Data   RW         2812    .data               key.o
    0x20000015   0x00000003   PAD
    0x20000018   0x00000035   Data   RW         3057    .data               inv_mpu.o
    0x2000004d   0x00000003   PAD
    0x20000050   0x0000001c   Data   RW         3557    .data               usmart.o
    0x2000006c   0x0000011c   Data   RW         3634    .data               usmart_config.o
    0x20000188   0x00000108   Zero   RW          521    .bss                usart.o
    0x20000290   0x00000010   Zero   RW         3374    .bss                inv_mpu_dmp_motion_driver.o
    0x200002a0   0x00000040   Zero   RW         3555    .bss                usmart.o
    0x200002e0   0x00000060   Zero   RW         3989    .bss                c_w.l(libspace.o)
    0x20000340   0x00000200   Zero   RW          578    HEAP                startup_stm32f103xb.o
    0x20000540   0x00000400   Zero   RW          577    STACK               startup_stm32f103xb.o


==============================================================================

Image component sizes


      Code (inc. data)   RO Data    RW Data    ZI Data      Debug   Object Name

       116          8          0          4          0       1951   delay.o
      6864        290        157         53          0      32068   inv_mpu.o
      3096        122       3062          0         16      21262   inv_mpu_dmp_motion_driver.o
       384         36          0          1          0       1718   key.o
        80         10          0          0          0        879   led.o
       796        276          0          0          0     431051   main.o
       602         18          0          0          0       5494   mpu6050.o
       682        102          0          0          0       5486   mpuiic.o
        64         26        236          0       1536        816   startup_stm32f103xb.o
       108         20          0          4          0       3243   stm32f1xx_hal.o
       338         22          0          0          0      26881   stm32f1xx_hal_cortex.o
       176          4          0          0          0       1139   stm32f1xx_hal_dma.o
       824         32          0          0          0       3403   stm32f1xx_hal_gpio.o
         2          0          0          0          0        434   stm32f1xx_hal_msp.o
      1776        110          0          0          0       6140   stm32f1xx_hal_rcc.o
       200         14          0          0          0       3036   stm32f1xx_hal_tim.o
      1392         12          0          0          0       8543   stm32f1xx_hal_uart.o
        32          0          0          0          0       3946   stm32f1xx_it.o
        86          0          0          0          0        719   sys.o
        88         18         24          4          0       1163   system_stm32f1xx.o
       456         52          0          7        264       5449   usart.o
      3202       1352         40         28         64       7843   usmart.o
         0          0        156        284          0       1652   usmart_config.o
      1400         20          0          0          0       8905   usmart_str.o

    ----------------------------------------------------------------------
     22790       2544       3712        392       1880     583221   Object Totals
         0          0         32          0          0          0   (incl. Generated)
        26          0          5          7          0          0   (incl. Padding)

    ----------------------------------------------------------------------

      Code (inc. data)   RO Data    RW Data    ZI Data      Debug   Library Member Name

        90          0          0          0          0          0   __dczerorl2.o
         8          0          0          0          0         68   __main.o
       392          4         17          0          0         92   __printf_flags_ss_wp.o
        14          0          0          0          0         68   __printf_wp.o
         0          0          0          0          0          0   __rtentry.o
        12          0          0          0          0          0   __rtentry2.o
         6          0          0          0          0          0   __rtentry4.o
        52          8          0          0          0          0   __scatter.o
        28          0          0          0          0          0   __scatter_zi.o
         6          0          0          0          0          0   _printf_c.o
        44          0          0          0          0        108   _printf_char.o
        48          6          0          0          0         96   _printf_char_common.o
        36          4          0          0          0         80   _printf_char_file.o
         6          0          0          0          0          0   _printf_d.o
       120         16          0          0          0         92   _printf_dec.o
        88          4         40          0          0         88   _printf_hex_int.o
       178          0          0          0          0         88   _printf_intcommon.o
        78          0          0          0          0        108   _printf_pad.o
         0          0          0          0          0          0   _printf_percent.o
         4          0          0          0          0          0   _printf_percent_end.o
         6          0          0          0          0          0   _printf_s.o
        82          0          0          0          0         80   _printf_str.o
         6          0          0          0          0          0   _printf_u.o
         6          0          0          0          0          0   _printf_x.o
        22          0          0          0          0        100   _rserrno.o
        16          0          0          0          0         68   aeabi_memset.o
        18          0          0          0          0         80   exit.o
         8          0          0          0          0         68   ferror.o
         6          0          0          0          0        152   heapauxi.o
         2          0          0          0          0          0   libinit.o
         2          0          0          0          0          0   libinit2.o
         2          0          0          0          0          0   libshutdown.o
         2          0          0          0          0          0   libshutdown2.o
         8          4          0          0         96         68   libspace.o
        72          0          0          0          0         76   llsdiv.o
       238          0          0          0          0        100   lludivv7m.o
        88          0          0          0          0         76   memcmp.o
        24          4          0          0          0         84   noretval__2printf.o
         8          4          0          0          0         68   rt_errno_addr_intlibspace.o
        68          0          0          0          0         68   rt_memclr.o
        78          0          0          0          0         80   rt_memclr_w.o
         2          0          0          0          0          0   rtexit.o
        10          0          0          0          0          0   rtexit2.o
        74          0          0          0          0         80   sys_stackheap_outer.o
         2          0          0          0          0         68   use_no_semi.o
         2          0          0          0          0         68   use_no_semi_2.o
        98          4          0          0          0         92   d2f.o
       826         16          0          0          0        348   daddsub_clz.o
        16          4          0          0          0         68   dcheck1.o
       688        140          0          0          0        208   ddiv.o
        46          0          0          0          0         68   dflt_clz.o
       340         12          0          0          0        104   dmul.o
       156          4          0          0          0         92   dnaninf.o
        12          0          0          0          0         68   dretinf.o
       460         56          0          0          0        120   dsqrt_noumaal.o
        86          4          0          0          0         84   f2d.o
       430          8          0          0          0        168   faddsub_clz.o
        24          0          0          0          0         68   fcmpi.o
       388         76          0          0          0         96   fdiv.o
       104          4          0          0          0         84   feqf.o
        54          4          0          0          0         84   ffix.o
        62          4          0          0          0         84   ffixu.o
        86          0          0          0          0        136   fflt_clz.o
       104          4          0          0          0         84   fleqf.o
       258          4          0          0          0         84   fmul.o
       140          4          0          0          0         84   fnaninf.o
        10          0          0          0          0         68   fretinf.o
        98          0          0          0          0         68   frleqf.o
       100          0          0          0          0         68   retnan.o
        92          0          0          0          0         68   scalbn.o
        48          0          0          0          0         68   trapv.o
         0          0          0          0          0          0   usenofp.o
       624         52         80          0          0        168   asin.o
       544         70        152          0          0        124   atan.o
       384         38          0          0          0        144   atan2.o
        38          6          0          0          0        272   dunder.o
        40          0          0          0          0         68   fpclassify.o
       170          0          0          0          0         96   poly.o
         0          0          8          0          0          0   qnan.o
        76          0          0          0          0         84   sqrt.o

    ----------------------------------------------------------------------
      8688        568        302          0         96       5792   Library Totals
        24          0          5          0          0          0   (incl. Padding)

    ----------------------------------------------------------------------

      Code (inc. data)   RO Data    RW Data    ZI Data      Debug   Library Name

      2062         54         57          0         96       2272   c_w.l
      4726        348          0          0          0       2564   fz_ws.l
      1876        166        240          0          0        956   m_ws.l

    ----------------------------------------------------------------------
      8688        568        302          0         96       5792   Library Totals

    ----------------------------------------------------------------------

==============================================================================


      Code (inc. data)   RO Data    RW Data    ZI Data      Debug   

     31478       3112       4014        392       1976     577985   Grand Totals
     31478       3112       4014        104       1976     577985   ELF Image Totals (compressed)
     31478       3112       4014        104          0          0   ROM Totals

==============================================================================

    Total RO  Size (Code + RO Data)                35492 (  34.66kB)
    Total RW  Size (RW Data + ZI Data)              2368 (   2.31kB)
    Total ROM Size (Code + RO Data + RW Data)      35596 (  34.76kB)

==============================================================================

